# date: 2026-09-30T10:45:02+08:00
# VK_DRIVER_FILES=/var/home/armada/opencode/turnip-a7xx-dx12/../build/out/freedreno_icd.json
# DRIRC_CONFIGDIR=<unset>
# MANGOHUD=1
# MANGOHUD_CONFIG=autostart_log,log_interval=1000,log_duration=120,output_folder=/tmp/opencode/mangologs
# devices (name | sparseResidencyImage2D):
#   Turnip Adreno (TM) 740  | true
# ---
ProtonFixes[44835] INFO: Running protonfixes on "cachyos-11.0-20260703-slr", build at 2026-07-21 23:36:49+00:00.
ProtonFixes[44835] INFO: Running checks
ProtonFixes[44835] INFO: All checks successful
ProtonFixes[44835] INFO: Using early stage global defaults for UNKNOWN (4)
ProtonFixes[44835] INFO: No early stage global protonfix found for UNKNOWN (4)
TU: info: TU_FORCE_PROPS: enable_tp_ubwc_flag_hint
[2026-09-30 10:45:03.998] [MANGOHUD] [info] [cpu.cpp:636] hwmon: using input: /sys/class/hwmon/hwmon19/temp1_input
ProtonFixes[44835] INFO: Setting up FSR4 version default.
ProtonFixes[44835] INFO: Automatic FSR4 upgrade enabled.
ProtonFixes[44835] INFO: Running protonfixes on "cachyos-11.0-20260703-slr", build at 2026-07-21 23:36:49+00:00.
ProtonFixes[44835] INFO: Running checks
ProtonFixes[44835] INFO: All checks successful
ProtonFixes[44835] INFO: Using main stage global defaults for UNKNOWN (4)
ProtonFixes[44835] INFO: No main stage global protonfix found for UNKNOWN (4)
ntsync: up and running.
[2026-09-30 10:45:14.800] [MANGOHUD] [info] [blacklist.cpp:86] process 'explorer.exe' is blacklisted in MangoHud
ATTENTION: default value of option tu_override_uncached_as_cache_coherent overridden by environment.
TU: info: TU_FORCE_PROPS: enable_tp_ubwc_flag_hint
ATTENTION: default value of option tu_override_uncached_as_cache_coherent overridden by environment.
TU: info: TU_FORCE_PROPS: enable_tp_ubwc_flag_hint
[2026-09-30 10:45:23.546] [MANGOHUD] [info] [cpu.cpp:636] hwmon: using input: /sys/class/hwmon/hwmon19/temp1_input
warn:  CreateDXGIFactory2: Ignoring flags
info:  Game: re4.exe
info:  DXVK: v3.0.2-2-g0ff9cd328ca23b4
info:  Build: aarch64 clang 22.1.8
info:  Vulkan: Found vkGetInstanceProcAddr in winevulkan.dll @ 0x6ffff95e0cc0
info:  Extension providers:
info:    Platform WSI
info:    OpenVR
info:  OpenVR: could not open registry key, status 2
warn:  OpenVR: Failed to initialize OpenVR
info:    OpenXR
warn:  OpenXR: Unable to get required Vulkan instance extensions size
info:  Enabled instance extensions:
info:    VK_KHR_get_surface_capabilities2
info:    VK_KHR_surface
info:    VK_KHR_surface_maintenance1
info:    VK_KHR_win32_surface
ATTENTION: default value of option tu_override_uncached_as_cache_coherent overridden by environment.
TU: info: TU_FORCE_PROPS: enable_tp_ubwc_flag_hint
info:  Found device: Turnip Adreno (TM) 740 (turnip Mesa driver 26.2.3)
warn:  OpenXR: Unable to get required Vulkan Device extensions size
warn:  DxgiAdapter::QueryInterface: Unknown interface query
warn:  f0db4c7f-fe5a-42a2-bd62-f2a6cf6fc83e
11203.115:0134:0138:warn:vkd3d-proton:openvr_instance_extensions: Failed to open VR registry key, status 2.
11203.115:0134:0138:warn:vkd3d-proton:openxr_vulkan_extensions: Failed to get OpenXR extensions size from wineopenxr.
11203.115:0134:0138:info:vkd3d-proton:vkd3d_instance_apply_application_workarounds: Program name: "re4.exe" (hash: 30ea40305615e978)
11203.115:0134:0138:info:vkd3d-proton:vkd3d_instance_apply_application_workarounds: Detected game re4.exe, adding shader quirks for specific shaders.
11203.115:0134:0138:info:vkd3d-proton:vkd3d_instance_deduce_config_flags_from_environment: shader_cache is used, global_pipeline_cache is enforced.
11203.115:0134:0138:info:vkd3d-proton:vkd3d_config_flags_init_once: VKD3D_CONFIG=''.
11203.117:0134:0138:info:vkd3d-proton:vkd3d_get_vk_version: vkd3d-proton - applicationVersion: 3.1.0.
11203.117:0134:0138:info:vkd3d-proton:vkd3d_instance_init: vkd3d-proton - build: 3dfc6f07d0953b1.
ATTENTION: default value of option tu_override_uncached_as_cache_coherent overridden by environment.
TU: info: TU_FORCE_PROPS: enable_tp_ubwc_flag_hint
11203.148:0134:0138:warn:vkd3d-proton:openvr_device_extensions: Failed to open VR registry key, status 2.
11203.148:0134:0138:warn:vkd3d-proton:openxr_vulkan_extensions: Failed to get OpenXR extensions size from wineopenxr.
11203.236:0134:0138:info:vkd3d-proton:vkd3d_physical_device_info_init_maint9: Implementation supports eliding QFOT for non-compressed optimal images.
11203.236:0134:0138:info:vkd3d-proton:vkd3d_init_device_caps: Not all relevant pipeline stages are supported by EXT_dgc. Skipping.
11203.242:0134:0138:warn:vkd3d-proton:d3d12_device_create_vkd3d_queues: Could not allocate an out of band queue for queue family 0. All out of band work will happen on the in band queue.
11203.242:0134:0138:warn:vkd3d-proton:d3d12_device_create_vkd3d_queues: Could not allocate an out of band queue for queue family 5. All out of band work will happen on the in band queue.
11203.244:0134:0138:info:vkd3d-proton:vkd3d_memory_info_decide_hvv_usage: Topology: UMA-like topology.
11203.244:0134:0138:info:vkd3d-proton:vkd3d_memory_info_upload_hvv_memory_properties: Topology: HVV usage is allowed, using DEVICE_LOCAL | HOST_COHERENT for UPLOAD.
11203.244:0134:0138:info:vkd3d-proton:vkd3d_bindless_state_get_bindless_flags: Device supports VK_EXT_mutable_descriptor_type.
11203.244:0134:0138:info:vkd3d-proton:vkd3d_bindless_state_add_binding: Device supports VK_EXT_descriptor_buffer!
11203.244:0134:0138:info:vkd3d-proton:vkd3d_bindless_state_add_binding: Device supports VK_EXT_descriptor_buffer!
11203.244:0134:0138:info:vkd3d-proton:vkd3d_bindless_state_add_binding: Device supports VK_EXT_descriptor_buffer!
11203.263:0134:0138:info:vkd3d-proton:d3d12_device_caps_init_shader_model: Enabling support for SM 6.6.
11203.263:0134:0138:warn:vkd3d-proton:d3d12_device_caps_init_feature_options1: No device info available for TotalLaneCount = 4096.
11203.263:0134:0138:fixme:vkd3d-proton:d3d12_device_caps_init_feature_options1: TotalLaneCount = 4096, may be inaccurate.
11203.263:0134:0138:info:vkd3d-proton:vkd3d_pipeline_library_init_disk_cache: Remapping VKD3D_SHADER_CACHE to: vkd3d-proton.cache.
11203.263:0134:0138:info:vkd3d-proton:vkd3d_pipeline_library_init_disk_cache: Attempting to load disk cache from: vkd3d-proton.cache.
11203.264:0134:0138:warn:vkd3d-proton:d3d12_device_create: Feature level 0xc100 is not supported.
11203.268:0134:0164:info:vkd3d-proton:vkd3d_pipeline_library_disk_thread_main: Performing async setup of stream archive ...
11203.269:0134:0164:info:vkd3d-proton:vkd3d_pipeline_library_disk_cache_merge: No write cache exists. No need to merge any disk caches.
11203.269:0134:0164:info:vkd3d-proton:vkd3d_pipeline_library_disk_cache_initial_setup: Merging pipeline libraries took 0.482 ms.
11203.269:0134:0164:info:vkd3d-proton:vkd3d_pipeline_library_disk_cache_initial_setup: Mapping read-only cache took 0.357 ms.
11203.272:0134:0164:info:vkd3d-proton:d3d12_pipeline_library_read_blob_stream_format: Device teardown request received, stopping parse early.
11203.272:0134:0164:info:vkd3d-proton:vkd3d_pipeline_library_disk_cache_initial_setup: Parsing stream archive took 2.781 ms.
11203.272:0134:0164:info:vkd3d-proton:vkd3d_pipeline_library_disk_thread_main: Done performing async setup of stream archive.
11203.281:0134:0138:warn:vkd3d-proton:openvr_instance_extensions: Failed to open VR registry key, status 2.
11203.282:0134:0138:warn:vkd3d-proton:openxr_vulkan_extensions: Failed to get OpenXR extensions size from wineopenxr.
11203.284:0134:0138:info:vkd3d-proton:vkd3d_get_vk_version: vkd3d-proton - applicationVersion: 3.1.0.
11203.284:0134:0138:info:vkd3d-proton:vkd3d_instance_init: vkd3d-proton - build: 3dfc6f07d0953b1.
ATTENTION: default value of option tu_override_uncached_as_cache_coherent overridden by environment.
TU: info: TU_FORCE_PROPS: enable_tp_ubwc_flag_hint
11203.319:0134:0138:warn:vkd3d-proton:openvr_device_extensions: Failed to open VR registry key, status 2.
11203.319:0134:0138:warn:vkd3d-proton:openxr_vulkan_extensions: Failed to get OpenXR extensions size from wineopenxr.
11203.402:0134:0138:info:vkd3d-proton:vkd3d_physical_device_info_init_maint9: Implementation supports eliding QFOT for non-compressed optimal images.
11203.402:0134:0138:info:vkd3d-proton:vkd3d_init_device_caps: Not all relevant pipeline stages are supported by EXT_dgc. Skipping.
11203.407:0134:0138:warn:vkd3d-proton:d3d12_device_create_vkd3d_queues: Could not allocate an out of band queue for queue family 0. All out of band work will happen on the in band queue.
11203.407:0134:0138:warn:vkd3d-proton:d3d12_device_create_vkd3d_queues: Could not allocate an out of band queue for queue family 5. All out of band work will happen on the in band queue.
11203.410:0134:0138:info:vkd3d-proton:vkd3d_memory_info_decide_hvv_usage: Topology: UMA-like topology.
11203.410:0134:0138:info:vkd3d-proton:vkd3d_memory_info_upload_hvv_memory_properties: Topology: HVV usage is allowed, using DEVICE_LOCAL | HOST_COHERENT for UPLOAD.
11203.410:0134:0138:info:vkd3d-proton:vkd3d_bindless_state_get_bindless_flags: Device supports VK_EXT_mutable_descriptor_type.
11203.410:0134:0138:info:vkd3d-proton:vkd3d_bindless_state_add_binding: Device supports VK_EXT_descriptor_buffer!
11203.410:0134:0138:info:vkd3d-proton:vkd3d_bindless_state_add_binding: Device supports VK_EXT_descriptor_buffer!
11203.410:0134:0138:info:vkd3d-proton:vkd3d_bindless_state_add_binding: Device supports VK_EXT_descriptor_buffer!
11203.411:0134:0138:info:vkd3d-proton:d3d12_device_caps_init_shader_model: Enabling support for SM 6.6.
11203.412:0134:0138:warn:vkd3d-proton:d3d12_device_caps_init_feature_options1: No device info available for TotalLaneCount = 4096.
11203.412:0134:0138:fixme:vkd3d-proton:d3d12_device_caps_init_feature_options1: TotalLaneCount = 4096, may be inaccurate.
11203.412:0134:0138:info:vkd3d-proton:vkd3d_pipeline_library_init_disk_cache: Remapping VKD3D_SHADER_CACHE to: vkd3d-proton.cache.
11203.412:0134:0138:info:vkd3d-proton:vkd3d_pipeline_library_init_disk_cache: Attempting to load disk cache from: vkd3d-proton.cache.
11203.413:0134:016c:info:vkd3d-proton:vkd3d_pipeline_library_disk_thread_main: Performing async setup of stream archive ...
11203.413:0134:016c:info:vkd3d-proton:vkd3d_pipeline_library_disk_cache_merge: No write cache exists. No need to merge any disk caches.
11203.413:0134:016c:info:vkd3d-proton:vkd3d_pipeline_library_disk_cache_initial_setup: Merging pipeline libraries took 0.207 ms.
11203.414:0134:016c:info:vkd3d-proton:vkd3d_pipeline_library_disk_cache_initial_setup: Mapping read-only cache took 0.902 ms.
11203.414:0134:016c:info:vkd3d-proton:d3d12_pipeline_library_read_blob_stream_format: Device teardown request received, stopping parse early.
11203.414:0134:016c:info:vkd3d-proton:vkd3d_pipeline_library_disk_cache_initial_setup: Parsing stream archive took 0.012 ms.
11203.414:0134:016c:info:vkd3d-proton:vkd3d_pipeline_library_disk_thread_main: Done performing async setup of stream archive.
11203.426:0134:0138:warn:vkd3d-proton:openvr_instance_extensions: Failed to open VR registry key, status 2.
11203.426:0134:0138:warn:vkd3d-proton:openxr_vulkan_extensions: Failed to get OpenXR extensions size from wineopenxr.
11203.429:0134:0138:info:vkd3d-proton:vkd3d_get_vk_version: vkd3d-proton - applicationVersion: 3.1.0.
11203.429:0134:0138:info:vkd3d-proton:vkd3d_instance_init: vkd3d-proton - build: 3dfc6f07d0953b1.
ATTENTION: default value of option tu_override_uncached_as_cache_coherent overridden by environment.
TU: info: TU_FORCE_PROPS: enable_tp_ubwc_flag_hint
11203.461:0134:0138:warn:vkd3d-proton:openvr_device_extensions: Failed to open VR registry key, status 2.
11203.461:0134:0138:warn:vkd3d-proton:openxr_vulkan_extensions: Failed to get OpenXR extensions size from wineopenxr.
11203.569:0134:0138:info:vkd3d-proton:vkd3d_physical_device_info_init_maint9: Implementation supports eliding QFOT for non-compressed optimal images.
11203.569:0134:0138:info:vkd3d-proton:vkd3d_init_device_caps: Not all relevant pipeline stages are supported by EXT_dgc. Skipping.
11203.575:0134:0138:warn:vkd3d-proton:d3d12_device_create_vkd3d_queues: Could not allocate an out of band queue for queue family 0. All out of band work will happen on the in band queue.
11203.575:0134:0138:warn:vkd3d-proton:d3d12_device_create_vkd3d_queues: Could not allocate an out of band queue for queue family 5. All out of band work will happen on the in band queue.
11203.577:0134:0138:info:vkd3d-proton:vkd3d_memory_info_decide_hvv_usage: Topology: UMA-like topology.
11203.577:0134:0138:info:vkd3d-proton:vkd3d_memory_info_upload_hvv_memory_properties: Topology: HVV usage is allowed, using DEVICE_LOCAL | HOST_COHERENT for UPLOAD.
11203.577:0134:0138:info:vkd3d-proton:vkd3d_bindless_state_get_bindless_flags: Device supports VK_EXT_mutable_descriptor_type.
11203.577:0134:0138:info:vkd3d-proton:vkd3d_bindless_state_add_binding: Device supports VK_EXT_descriptor_buffer!
11203.577:0134:0138:info:vkd3d-proton:vkd3d_bindless_state_add_binding: Device supports VK_EXT_descriptor_buffer!
11203.577:0134:0138:info:vkd3d-proton:vkd3d_bindless_state_add_binding: Device supports VK_EXT_descriptor_buffer!
11203.579:0134:0138:info:vkd3d-proton:d3d12_device_caps_init_shader_model: Enabling support for SM 6.6.
11203.579:0134:0138:warn:vkd3d-proton:d3d12_device_caps_init_feature_options1: No device info available for TotalLaneCount = 4096.
11203.579:0134:0138:fixme:vkd3d-proton:d3d12_device_caps_init_feature_options1: TotalLaneCount = 4096, may be inaccurate.
11203.579:0134:0138:info:vkd3d-proton:vkd3d_pipeline_library_init_disk_cache: Remapping VKD3D_SHADER_CACHE to: vkd3d-proton.cache.
11203.579:0134:0138:info:vkd3d-proton:vkd3d_pipeline_library_init_disk_cache: Attempting to load disk cache from: vkd3d-proton.cache.
11203.581:0134:0138:warn:vkd3d-proton:d3d12_device_QueryInterface: {74eaee3f-2f4b-476d-82ba-2b85cb49e310} not implemented, returning E_NOINTERFACE.
11203.581:0134:0174:info:vkd3d-proton:vkd3d_pipeline_library_disk_thread_main: Performing async setup of stream archive ...
11203.582:0134:0174:info:vkd3d-proton:vkd3d_pipeline_library_disk_cache_merge: No write cache exists. No need to merge any disk caches.
11203.582:0134:0174:info:vkd3d-proton:vkd3d_pipeline_library_disk_cache_initial_setup: Merging pipeline libraries took 0.180 ms.
11203.582:0134:0174:info:vkd3d-proton:vkd3d_pipeline_library_disk_cache_initial_setup: Mapping read-only cache took 0.284 ms.
11203.693:0134:0174:info:vkd3d-proton:vkd3d_pipeline_library_disk_cache_initial_setup: Parsing stream archive took 111.161 ms.
11203.693:0134:0174:info:vkd3d-proton:vkd3d_pipeline_library_disk_thread_main: Done performing async setup of stream archive.
11203.916:0134:0138:warn:vkd3d-proton:d3d12_device_CheckFeatureSupport: Assuming device does not support tile based rendering.
11203.916:0134:0138:warn:vkd3d-proton:d3d12_device_CheckFeatureSupport: Assuming device does not support tile based rendering.
11203.918:0134:0138:fixme:vkd3d-proton:d3d12_command_queue_init: Global realtime priority is not implemented.
11203.918:0134:0138:fixme:vkd3d-proton:d3d12_command_queue_init: Ignoring priority 0x2710.
11205.363:0134:01e4:info:vkd3d-proton:dxgi_vk_swap_chain_init: Creating swapchain (1920 x 1080), BufferCount = 3.
11205.370:0134:01e4:info:vkd3d-proton:dxgi_vk_swap_chain_init_sync_objects: Enabling frame latency handles.
11205.370:0134:01e4:info:vkd3d-proton:dxgi_vk_swap_chain_init_sync_objects: Ensure maximum latency of 3 frames with KHR_present_wait.
11205.370:0134:01e4:info:vkd3d-proton:dxgi_vk_swap_chain_init_sleep_state: Timer interval is 1.0 ms.
warn:  DXGI: MakeWindowAssociation: Ignoring flags
11205.959:0134:015c:err:vkd3d-proton:d3d12_pipeline_state_validate_blend_state: Enabling blending on RT 0 with format DXGI_FORMAT_R8G8_UINT, but using integer format is not supported.
11205.959:0134:015c:err:vkd3d-proton:d3d12_pipeline_state_validate_blend_state: Enabling blending on RT 0 with format DXGI_FORMAT_R8G8_UINT, but using integer format is not supported.
11205.972:0134:0158:warn:vkd3d-proton:d3d12_pipeline_state_init_graphics_create_info: DSV format is DXGI_FORMAT_UNKNOWN.
11205.983:0134:0158:warn:vkd3d-proton:d3d12_pipeline_state_init_graphics_create_info: DSV format is DXGI_FORMAT_UNKNOWN.
11206.035:0134:0158:warn:vkd3d-proton:d3d12_pipeline_state_init_graphics_create_info: DSV format is DXGI_FORMAT_UNKNOWN.
11206.078:0134:015c:err:vkd3d-proton:d3d12_pipeline_state_validate_blend_state: Enabling blending on RT 0 with format DXGI_FORMAT_R8G8_UINT, but using integer format is not supported.
11206.078:0134:015c:err:vkd3d-proton:d3d12_pipeline_state_validate_blend_state: Enabling blending on RT 0 with format DXGI_FORMAT_R8G8_UINT, but using integer format is not supported.
11206.079:0134:015c:err:vkd3d-proton:d3d12_pipeline_state_validate_blend_state: Enabling blending on RT 0 with format DXGI_FORMAT_R8_UINT, but using integer format is not supported.
11206.079:0134:015c:err:vkd3d-proton:d3d12_pipeline_state_validate_blend_state: Enabling blending on RT 0 with format DXGI_FORMAT_R8_UINT, but using integer format is not supported.
11206.079:0134:015c:err:vkd3d-proton:d3d12_pipeline_state_validate_blend_state: Enabling blending on RT 0 with format DXGI_FORMAT_R32_UINT, but using integer format is not supported.
11206.079:0134:015c:err:vkd3d-proton:d3d12_pipeline_state_validate_blend_state: Enabling blending on RT 0 with format DXGI_FORMAT_R32_UINT, but using integer format is not supported.
11206.079:0134:015c:err:vkd3d-proton:d3d12_pipeline_state_validate_blend_state: Enabling blending on RT 0 with format DXGI_FORMAT_R32_SINT, but using integer format is not supported.
11206.079:0134:015c:err:vkd3d-proton:d3d12_pipeline_state_validate_blend_state: Enabling blending on RT 0 with format DXGI_FORMAT_R32_SINT, but using integer format is not supported.
11206.113:0134:0158:warn:vkd3d-proton:d3d12_pipeline_state_init_graphics_create_info: DSV format is DXGI_FORMAT_UNKNOWN.
11206.114:0134:015c:warn:vkd3d-proton:d3d12_pipeline_state_init_graphics_create_info: DSV format is DXGI_FORMAT_UNKNOWN.
11206.119:0134:015c:warn:vkd3d-proton:d3d12_pipeline_state_init_graphics_create_info: DSV format is DXGI_FORMAT_UNKNOWN.
11206.120:0134:0158:warn:vkd3d-proton:d3d12_pipeline_state_init_graphics_create_info: DSV format is DXGI_FORMAT_UNKNOWN.
11206.187:0134:0158:warn:vkd3d-proton:d3d12_pipeline_state_init_graphics_create_info: DSV format is DXGI_FORMAT_UNKNOWN.
11206.188:0134:015c:warn:vkd3d-proton:d3d12_pipeline_state_init_graphics_create_info: DSV format is DXGI_FORMAT_UNKNOWN.
11206.191:0134:0158:warn:vkd3d-proton:d3d12_pipeline_state_init_graphics_create_info: DSV format is DXGI_FORMAT_UNKNOWN.
11206.191:0134:0158:warn:vkd3d-proton:d3d12_pipeline_state_init_graphics_create_info: DSV format is DXGI_FORMAT_UNKNOWN.
11206.328:0134:014c:warn:vkd3d-proton:d3d12_pipeline_library_StorePipeline: Pipeline "CSWorkAroundCopyBuffer-6306a0066b9dda35" already exists.
11206.426:0134:015c:err:vkd3d-proton:d3d12_pipeline_state_validate_blend_state: Enabling blending on RT 0 with format DXGI_FORMAT_R8G8_UINT, but using integer format is not supported.
11206.426:0134:015c:err:vkd3d-proton:d3d12_pipeline_state_validate_blend_state: Enabling blending on RT 0 with format DXGI_FORMAT_R8G8_UINT, but using integer format is not supported.
11206.438:0134:015c:warn:vkd3d-proton:d3d12_pipeline_state_init_graphics_create_info: DSV format is DXGI_FORMAT_UNKNOWN.
11206.457:0134:015c:warn:vkd3d-proton:d3d12_pipeline_state_init_graphics_create_info: DSV format is DXGI_FORMAT_UNKNOWN.
11206.467:0134:017c:info:vkd3d-proton:dxgi_vk_swap_chain_recreate_swapchain_in_present_task: Got 3 swapchain images.
[2026-09-30 10:45:34.359] [MANGOHUD] [error] [file_utils.cpp:47] Error opening directory '/sys/class/powercap/': No such file or directory
[2026-09-30 10:45:34.359] [MANGOHUD] [error] [cpu.cpp:794] Failed to initialize CPU power data
11206.495:0134:0158:warn:vkd3d-proton:d3d12_pipeline_state_init_graphics_create_info: DSV format is DXGI_FORMAT_UNKNOWN.
11206.564:0134:015c:err:vkd3d-proton:d3d12_pipeline_state_validate_blend_state: Enabling blending on RT 0 with format DXGI_FORMAT_R8G8_UINT, but using integer format is not supported.
11206.564:0134:015c:err:vkd3d-proton:d3d12_pipeline_state_validate_blend_state: Enabling blending on RT 0 with format DXGI_FORMAT_R8G8_UINT, but using integer format is not supported.
11206.564:0134:015c:err:vkd3d-proton:d3d12_pipeline_state_validate_blend_state: Enabling blending on RT 0 with format DXGI_FORMAT_R8_UINT, but using integer format is not supported.
11206.564:0134:015c:err:vkd3d-proton:d3d12_pipeline_state_validate_blend_state: Enabling blending on RT 0 with format DXGI_FORMAT_R8_UINT, but using integer format is not supported.
11206.564:0134:015c:err:vkd3d-proton:d3d12_pipeline_state_validate_blend_state: Enabling blending on RT 0 with format DXGI_FORMAT_R32_UINT, but using integer format is not supported.
11206.564:0134:015c:err:vkd3d-proton:d3d12_pipeline_state_validate_blend_state: Enabling blending on RT 0 with format DXGI_FORMAT_R32_UINT, but using integer format is not supported.
11206.565:0134:015c:err:vkd3d-proton:d3d12_pipeline_state_validate_blend_state: Enabling blending on RT 0 with format DXGI_FORMAT_R32_SINT, but using integer format is not supported.
11206.565:0134:015c:err:vkd3d-proton:d3d12_pipeline_state_validate_blend_state: Enabling blending on RT 0 with format DXGI_FORMAT_R32_SINT, but using integer format is not supported.
11206.600:0134:015c:warn:vkd3d-proton:d3d12_pipeline_state_init_graphics_create_info: DSV format is DXGI_FORMAT_UNKNOWN.
11206.601:0134:014c:warn:vkd3d-proton:d3d12_pipeline_library_StorePipeline: Pipeline "CSWorkAroundClearBuffer-abe947076e85bb3c" already exists.
11206.601:0134:0158:warn:vkd3d-proton:d3d12_pipeline_state_init_graphics_create_info: DSV format is DXGI_FORMAT_UNKNOWN.
11206.604:0134:015c:warn:vkd3d-proton:d3d12_pipeline_state_init_graphics_create_info: DSV format is DXGI_FORMAT_UNKNOWN.
11206.608:0134:0158:warn:vkd3d-proton:d3d12_pipeline_state_init_graphics_create_info: DSV format is DXGI_FORMAT_UNKNOWN.
11206.645:0134:017c:info:vkd3d-proton:dxgi_vk_swap_chain_recreate_swapchain_in_present_task: Got 3 swapchain images.
[2026-09-30 10:45:34.536] [MANGOHUD] [error] [file_utils.cpp:47] Error opening directory '/sys/class/powercap/': No such file or directory
[2026-09-30 10:45:34.536] [MANGOHUD] [error] [cpu.cpp:794] Failed to initialize CPU power data
11206.647:0134:01e4:info:vkd3d-proton:dxgi_vk_swap_chain_ChangeProperties: Reallocating swapchain (1152 x 720), BufferCount = 3.
11206.657:0134:015c:warn:vkd3d-proton:d3d12_pipeline_state_init_graphics_create_info: DSV format is DXGI_FORMAT_UNKNOWN.
11206.658:0134:0158:warn:vkd3d-proton:d3d12_pipeline_state_init_graphics_create_info: DSV format is DXGI_FORMAT_UNKNOWN.
11206.662:0134:015c:warn:vkd3d-proton:d3d12_pipeline_state_init_graphics_create_info: DSV format is DXGI_FORMAT_UNKNOWN.
11206.662:0134:015c:warn:vkd3d-proton:d3d12_pipeline_state_init_graphics_create_info: DSV format is DXGI_FORMAT_UNKNOWN.
[2026-09-30 10:45:35.047] [MANGOHUD] [error] [file_utils.cpp:47] Error opening directory '/sys/class/powercap/': No such file or directory
[2026-09-30 10:45:35.047] [MANGOHUD] [error] [cpu.cpp:794] Failed to initialize CPU power data
[2026-09-30 10:45:35.547] [MANGOHUD] [error] [file_utils.cpp:47] Error opening directory '/sys/class/powercap/': No such file or directory
[2026-09-30 10:45:35.547] [MANGOHUD] [error] [cpu.cpp:794] Failed to initialize CPU power data
[2026-09-30 10:45:36.225] [MANGOHUD] [error] [file_utils.cpp:47] Error opening directory '/sys/class/powercap/': No such file or directory
[2026-09-30 10:45:36.225] [MANGOHUD] [error] [cpu.cpp:794] Failed to initialize CPU power data
D 250 Ran out of slots. Can't allocate more
D 254 Ran out of slots. Can't allocate more
info:  Setting display mode: 1152x720@60
info:  Setting display mode: 1152x720@60
11211.147:0134:014c:fixme:vkd3d-proton:dxgi_vk_swap_chain_SetGammaControl: iface 00000000d3352ce0, NumControlPoints 1024, pControlPoints 0000000080eb1a58 stub!
info:  Setting display mode: 2560x1440@60
info:  Setting display mode: 2560x1440@60
11211.287:0134:014c:info:vkd3d-proton:dxgi_vk_swap_chain_ChangeProperties: Reallocating swapchain (2560 x 1440), BufferCount = 3.
11212.623:0134:014c:info:vkd3d-proton:dxgi_vk_swap_chain_SetTargetFrameRate: Set target frame rate to 60.0 FPS.
11212.779:0134:017c:info:vkd3d-proton:dxgi_vk_swap_chain_recreate_swapchain_in_present_task: Got 3 swapchain images.
info:  Setting display mode: 1280x800@60
info:  Setting display mode: 1280x800@60
info:  Restoring display mode: 2560x1440@60
info:  Setting display mode: 2560x1440@60
11214.723:0134:014c:fixme:vkd3d-proton:dxgi_vk_swap_chain_SetGammaControl: iface 00000000d3352ce0, NumControlPoints 0, pControlPoints 0000000000000000 stub!
11214.736:0134:014c:info:vkd3d-proton:dxgi_vk_swap_chain_ChangeProperties: Reallocating swapchain (1280 x 800), BufferCount = 3.
11215.059:0134:017c:info:vkd3d-proton:dxgi_vk_swap_chain_recreate_swapchain_in_present_task: Got 3 swapchain images.
D 25C Ran out of slots. Can't allocate more
D 260 Ran out of slots. Can't allocate more
D 264 Ran out of slots. Can't allocate more
D 268 Ran out of slots. Can't allocate more
11221.465:0134:015c:warn:vkd3d-proton:d3d12_pipeline_state_init_graphics_create_info: DSV format is DXGI_FORMAT_UNKNOWN.
11222.794:0134:015c:warn:vkd3d-proton:d3d12_pipeline_state_init_graphics_create_info: DSV format is DXGI_FORMAT_UNKNOWN.
11233.918:0134:015c:warn:vkd3d-proton:d3d12_device_validate_shader_meta: Attempting to use FP64 operations in shader f9390ad89db03123, but this is not supported.
11233.919:0134:015c:warn:vkd3d-proton:d3d12_device_validate_shader_meta: Attempting to use FP64 operations in shader f9390ad89db03123, but this is not supported.
11234.673:0134:0158:err:vkd3d-proton:vkd3d_pipeline_state_desc_from_d3d12_stream_desc: Cannot deduce pipeline type from shader stages 0x0.
11234.673:0134:0158:err:vkd3d-proton:vkd3d_pipeline_state_desc_from_d3d12_stream_desc: Cannot deduce pipeline type from shader stages 0x0.
11234.673:0134:0158:err:vkd3d-proton:vkd3d_pipeline_state_desc_from_d3d12_stream_desc: Cannot deduce pipeline type from shader stages 0x0.
11236.022:0134:0158:warn:vkd3d-proton:d3d12_pipeline_state_init_graphics_create_info: DSV format is DXGI_FORMAT_UNKNOWN.
11236.421:0134:0158:warn:vkd3d-proton:d3d12_pipeline_state_init_graphics_create_info: DSV format is DXGI_FORMAT_UNKNOWN.
11236.445:0134:0158:warn:vkd3d-proton:d3d12_pipeline_state_init_graphics_create_info: DSV format is DXGI_FORMAT_UNKNOWN.
11236.905:0134:015c:warn:vkd3d-proton:d3d12_pipeline_state_init_graphics_create_info: DSV format is DXGI_FORMAT_UNKNOWN.
11237.208:0134:015c:warn:vkd3d-proton:d3d12_pipeline_state_init_graphics_create_info: DSV format is DXGI_FORMAT_UNKNOWN.
11237.211:0134:015c:warn:vkd3d-proton:d3d12_pipeline_state_init_graphics_create_info: DSV format is DXGI_FORMAT_UNKNOWN.
11237.211:0134:015c:warn:vkd3d-proton:d3d12_pipeline_state_init_graphics_create_info: DSV format is DXGI_FORMAT_UNKNOWN.
11237.211:0134:015c:warn:vkd3d-proton:d3d12_pipeline_state_init_graphics_create_info: DSV format is DXGI_FORMAT_UNKNOWN.
11237.212:0134:0158:warn:vkd3d-proton:d3d12_pipeline_state_init_graphics_create_info: DSV format is DXGI_FORMAT_UNKNOWN.
11237.214:0134:015c:warn:vkd3d-proton:d3d12_pipeline_state_init_graphics_create_info: DSV format is DXGI_FORMAT_UNKNOWN.
11237.214:0134:015c:warn:vkd3d-proton:d3d12_pipeline_state_init_graphics_create_info: DSV format is DXGI_FORMAT_UNKNOWN.
11237.216:0134:0158:warn:vkd3d-proton:d3d12_pipeline_state_init_graphics_create_info: DSV format is DXGI_FORMAT_UNKNOWN.
11237.216:0134:0158:warn:vkd3d-proton:d3d12_pipeline_state_init_graphics_create_info: DSV format is DXGI_FORMAT_UNKNOWN.
11237.216:0134:0158:warn:vkd3d-proton:d3d12_pipeline_state_init_graphics_create_info: DSV format is DXGI_FORMAT_UNKNOWN.
11237.217:0134:015c:warn:vkd3d-proton:d3d12_pipeline_state_init_graphics_create_info: DSV format is DXGI_FORMAT_UNKNOWN.
11237.217:0134:015c:warn:vkd3d-proton:d3d12_pipeline_state_init_graphics_create_info: DSV format is DXGI_FORMAT_UNKNOWN.
11237.220:0134:0158:warn:vkd3d-proton:d3d12_pipeline_state_init_graphics_create_info: DSV format is DXGI_FORMAT_UNKNOWN.
11237.221:0134:0158:warn:vkd3d-proton:d3d12_pipeline_state_init_graphics_create_info: DSV format is DXGI_FORMAT_UNKNOWN.
11237.222:0134:015c:warn:vkd3d-proton:d3d12_pipeline_state_init_graphics_create_info: DSV format is DXGI_FORMAT_UNKNOWN.
11237.224:0134:0158:warn:vkd3d-proton:d3d12_pipeline_state_init_graphics_create_info: DSV format is DXGI_FORMAT_UNKNOWN.
11240.515:0134:0158:warn:vkd3d-proton:d3d12_pipeline_state_init_graphics_create_info: DSV format is DXGI_FORMAT_UNKNOWN.
11240.517:0134:015c:warn:vkd3d-proton:d3d12_pipeline_state_init_graphics_create_info: DSV format is DXGI_FORMAT_UNKNOWN.
11240.549:0134:0158:warn:vkd3d-proton:d3d12_pipeline_state_init_graphics_create_info: DSV format is DXGI_FORMAT_UNKNOWN.
11240.560:0134:015c:warn:vkd3d-proton:d3d12_pipeline_state_init_graphics_create_info: DSV format is DXGI_FORMAT_UNKNOWN.
11240.585:0134:0158:warn:vkd3d-proton:d3d12_pipeline_state_init_graphics_create_info: DSV format is DXGI_FORMAT_UNKNOWN.
11240.604:0134:015c:warn:vkd3d-proton:d3d12_pipeline_state_init_graphics_create_info: DSV format is DXGI_FORMAT_UNKNOWN.
11240.621:0134:0158:warn:vkd3d-proton:d3d12_pipeline_state_init_graphics_create_info: DSV format is DXGI_FORMAT_UNKNOWN.
11240.690:0134:0158:warn:vkd3d-proton:d3d12_pipeline_state_init_graphics_create_info: DSV format is DXGI_FORMAT_UNKNOWN.
11240.712:0134:015c:warn:vkd3d-proton:d3d12_pipeline_state_init_graphics_create_info: DSV format is DXGI_FORMAT_UNKNOWN.
11242.950:0134:015c:warn:vkd3d-proton:d3d12_device_validate_shader_meta: Attempting to use FP64 operations in shader f9390ad89db03123, but this is not supported.
11242.951:0134:015c:warn:vkd3d-proton:d3d12_device_validate_shader_meta: Attempting to use FP64 operations in shader f9390ad89db03123, but this is not supported.
11244.318:0134:015c:warn:vkd3d-proton:d3d12_pipeline_state_init_graphics_create_info: DSV format is DXGI_FORMAT_UNKNOWN.
11245.087:0134:0158:warn:vkd3d-proton:d3d12_pipeline_state_init_graphics_create_info: DSV format is DXGI_FORMAT_UNKNOWN.
11245.610:0134:0158:warn:vkd3d-proton:d3d12_pipeline_state_init_graphics_create_info: DSV format is DXGI_FORMAT_UNKNOWN.
11246.024:0134:015c:warn:vkd3d-proton:d3d12_pipeline_state_init_graphics_create_info: DSV format is DXGI_FORMAT_UNKNOWN.
11246.965:0134:0158:warn:vkd3d-proton:d3d12_pipeline_state_init_graphics_create_info: DSV format is DXGI_FORMAT_UNKNOWN.
11247.390:0134:015c:warn:vkd3d-proton:d3d12_pipeline_state_init_graphics_create_info: DSV format is DXGI_FORMAT_UNKNOWN.
11247.834:0134:0158:warn:vkd3d-proton:d3d12_pipeline_state_init_graphics_create_info: DSV format is DXGI_FORMAT_UNKNOWN.
11255.449:0134:015c:warn:vkd3d-proton:d3d12_pipeline_state_init_graphics_create_info: DSV format is DXGI_FORMAT_UNKNOWN.
11257.050:0134:0158:warn:vkd3d-proton:d3d12_pipeline_state_init_graphics_create_info: DSV format is DXGI_FORMAT_UNKNOWN.
11258.016:0134:0158:warn:vkd3d-proton:d3d12_pipeline_state_init_graphics_create_info: DSV format is DXGI_FORMAT_UNKNOWN.
11258.951:0134:0158:warn:vkd3d-proton:d3d12_pipeline_state_init_graphics_create_info: DSV format is DXGI_FORMAT_UNKNOWN.
11259.800:0134:015c:warn:vkd3d-proton:d3d12_pipeline_state_init_graphics_create_info: DSV format is DXGI_FORMAT_UNKNOWN.
11262.594:0134:015c:warn:vkd3d-proton:vkd3d_validate_shader_io_signatures: No corresponding output signature element found for INTERPOLATOR0.
11262.594:0134:015c:warn:vkd3d-proton:vkd3d_validate_shader_io_signatures: No corresponding output signature element found for INTERPOLATOR0.
11262.594:0134:015c:warn:vkd3d-proton:vkd3d_validate_shader_io_signatures: No corresponding output signature element found for INTERPOLATOR0.
11262.594:0134:015c:warn:vkd3d-proton:vkd3d_validate_shader_io_signatures: No corresponding output signature element found for INTERPOLATOR0.
11263.217:0134:015c:warn:vkd3d-proton:d3d12_pipeline_state_init_graphics_create_info: DSV format is DXGI_FORMAT_UNKNOWN.
11263.712:0134:015c:warn:vkd3d-proton:d3d12_pipeline_state_init_graphics_create_info: DSV format is DXGI_FORMAT_UNKNOWN.
11271.830:0134:015c:warn:vkd3d-proton:d3d12_pipeline_state_init_graphics_create_info: DSV format is DXGI_FORMAT_UNKNOWN.
11272.305:0134:0158:warn:vkd3d-proton:d3d12_pipeline_state_init_graphics_create_info: DSV format is DXGI_FORMAT_UNKNOWN.
11272.646:0134:015c:warn:vkd3d-proton:d3d12_pipeline_state_init_graphics_create_info: DSV format is DXGI_FORMAT_UNKNOWN.
11273.278:0134:015c:warn:vkd3d-proton:d3d12_pipeline_state_init_graphics_create_info: DSV format is DXGI_FORMAT_UNKNOWN.
11273.857:0134:015c:warn:vkd3d-proton:d3d12_pipeline_state_init_graphics_create_info: DSV format is DXGI_FORMAT_UNKNOWN.
11274.038:0134:0158:warn:vkd3d-proton:d3d12_pipeline_state_init_graphics_create_info: DSV format is DXGI_FORMAT_UNKNOWN.
D 26C Ran out of slots. Can't allocate more
D 270 Ran out of slots. Can't allocate more
11305.214:0134:017c:info:vkd3d-proton:dxgi_vk_swap_chain_recreate_swapchain_in_present_task: Got 3 swapchain images.
# [свёрнуто 14 строк: d3d12_pipeline_library_load_pipeline ... does not exist]
