# date: 2026-09-30T13:17:18+08:00
# VK_DRIVER_FILES=/var/home/armada/opencode/turnip-a7xx-dx12/../build/out/freedreno_icd.json
# DRIRC_CONFIGDIR=<unset>
# MANGOHUD=1
# MANGOHUD_CONFIG=autostart_log,log_interval=1000,log_duration=120,output_folder=/tmp/opencode/mangologs
# devices (name | sparseResidencyImage2D):
#   Turnip Adreno (TM) 740  | true
# ---
ProtonFixes[124133] INFO: Running protonfixes on "cachyos-11.0-20260703-slr", build at 2026-07-21 23:36:49+00:00.
ProtonFixes[124133] INFO: Running checks
ProtonFixes[124133] INFO: All checks successful
ProtonFixes[124133] INFO: Using early stage global defaults for UNKNOWN (4)
ProtonFixes[124133] INFO: No early stage global protonfix found for UNKNOWN (4)
TU: info: TU_FORCE_PROPS: load_inline_uniforms_via_preamble_ldgk
[2026-09-30 13:17:19.798] [MANGOHUD] [info] [cpu.cpp:636] hwmon: using input: /sys/class/hwmon/hwmon19/temp1_input
ProtonFixes[124133] INFO: Setting up FSR4 version default.
ProtonFixes[124133] INFO: Automatic FSR4 upgrade enabled.
ProtonFixes[124133] INFO: Running protonfixes on "cachyos-11.0-20260703-slr", build at 2026-07-21 23:36:49+00:00.
ProtonFixes[124133] INFO: Running checks
ProtonFixes[124133] INFO: All checks successful
ProtonFixes[124133] INFO: Using main stage global defaults for UNKNOWN (4)
ProtonFixes[124133] INFO: No main stage global protonfix found for UNKNOWN (4)
ntsync: up and running.
[2026-09-30 13:17:28.034] [MANGOHUD] [info] [blacklist.cpp:86] process 'explorer.exe' is blacklisted in MangoHud
ATTENTION: default value of option tu_override_uncached_as_cache_coherent overridden by environment.
TU: info: TU_FORCE_PROPS: load_inline_uniforms_via_preamble_ldgk
ATTENTION: default value of option tu_override_uncached_as_cache_coherent overridden by environment.
TU: info: TU_FORCE_PROPS: load_inline_uniforms_via_preamble_ldgk
[2026-09-30 13:17:35.995] [MANGOHUD] [info] [cpu.cpp:636] hwmon: using input: /sys/class/hwmon/hwmon19/temp1_input
warn:  CreateDXGIFactory2: Ignoring flags
info:  Game: re4.exe
info:  DXVK: v3.0.2-2-g0ff9cd328ca23b4
info:  Build: aarch64 clang 22.1.8
info:  Vulkan: Found vkGetInstanceProcAddr in winevulkan.dll @ 0x6ffff95e0cc0
info:  Extension providers:
info:    Platform WSI
info:    OpenVR
info:  OpenVR: could not open registry key, status 2
warn:  OpenVR: Failed to initialize OpenVR
info:    OpenXR
warn:  OpenXR: Unable to get required Vulkan instance extensions size
info:  Enabled instance extensions:
info:    VK_KHR_get_surface_capabilities2
info:    VK_KHR_surface
info:    VK_KHR_surface_maintenance1
info:    VK_KHR_win32_surface
ATTENTION: default value of option tu_override_uncached_as_cache_coherent overridden by environment.
TU: info: TU_FORCE_PROPS: load_inline_uniforms_via_preamble_ldgk
info:  Found device: Turnip Adreno (TM) 740 (turnip Mesa driver 26.2.3)
warn:  OpenXR: Unable to get required Vulkan Device extensions size
warn:  DxgiAdapter::QueryInterface: Unknown interface query
warn:  f0db4c7f-fe5a-42a2-bd62-f2a6cf6fc83e
20335.501:0138:013c:warn:vkd3d-proton:openvr_instance_extensions: Failed to open VR registry key, status 2.
20335.501:0138:013c:warn:vkd3d-proton:openxr_vulkan_extensions: Failed to get OpenXR extensions size from wineopenxr.
20335.501:0138:013c:info:vkd3d-proton:vkd3d_instance_apply_application_workarounds: Program name: "re4.exe" (hash: 30ea40305615e978)
20335.501:0138:013c:info:vkd3d-proton:vkd3d_instance_apply_application_workarounds: Detected game re4.exe, adding shader quirks for specific shaders.
20335.501:0138:013c:info:vkd3d-proton:vkd3d_instance_deduce_config_flags_from_environment: shader_cache is used, global_pipeline_cache is enforced.
20335.501:0138:013c:info:vkd3d-proton:vkd3d_config_flags_init_once: VKD3D_CONFIG=''.
20335.504:0138:013c:info:vkd3d-proton:vkd3d_get_vk_version: vkd3d-proton - applicationVersion: 3.1.0.
20335.504:0138:013c:info:vkd3d-proton:vkd3d_instance_init: vkd3d-proton - build: 3dfc6f07d0953b1.
ATTENTION: default value of option tu_override_uncached_as_cache_coherent overridden by environment.
TU: info: TU_FORCE_PROPS: load_inline_uniforms_via_preamble_ldgk
20335.535:0138:013c:warn:vkd3d-proton:openvr_device_extensions: Failed to open VR registry key, status 2.
20335.535:0138:013c:warn:vkd3d-proton:openxr_vulkan_extensions: Failed to get OpenXR extensions size from wineopenxr.
20335.629:0138:013c:info:vkd3d-proton:vkd3d_physical_device_info_init_maint9: Implementation supports eliding QFOT for non-compressed optimal images.
20335.629:0138:013c:info:vkd3d-proton:vkd3d_init_device_caps: Not all relevant pipeline stages are supported by EXT_dgc. Skipping.
20335.637:0138:013c:warn:vkd3d-proton:d3d12_device_create_vkd3d_queues: Could not allocate an out of band queue for queue family 0. All out of band work will happen on the in band queue.
20335.637:0138:013c:warn:vkd3d-proton:d3d12_device_create_vkd3d_queues: Could not allocate an out of band queue for queue family 5. All out of band work will happen on the in band queue.
20335.640:0138:013c:info:vkd3d-proton:vkd3d_memory_info_decide_hvv_usage: Topology: UMA-like topology.
20335.640:0138:013c:info:vkd3d-proton:vkd3d_memory_info_upload_hvv_memory_properties: Topology: HVV usage is allowed, using DEVICE_LOCAL | HOST_COHERENT for UPLOAD.
20335.640:0138:013c:info:vkd3d-proton:vkd3d_bindless_state_get_bindless_flags: Device supports VK_EXT_mutable_descriptor_type.
20335.640:0138:013c:info:vkd3d-proton:vkd3d_bindless_state_add_binding: Device supports VK_EXT_descriptor_buffer!
20335.640:0138:013c:info:vkd3d-proton:vkd3d_bindless_state_add_binding: Device supports VK_EXT_descriptor_buffer!
20335.640:0138:013c:info:vkd3d-proton:vkd3d_bindless_state_add_binding: Device supports VK_EXT_descriptor_buffer!
20335.647:0138:013c:info:vkd3d-proton:d3d12_device_caps_init_shader_model: Enabling support for SM 6.6.
20335.647:0138:013c:warn:vkd3d-proton:d3d12_device_caps_init_feature_options1: No device info available for TotalLaneCount = 4096.
20335.647:0138:013c:fixme:vkd3d-proton:d3d12_device_caps_init_feature_options1: TotalLaneCount = 4096, may be inaccurate.
20335.647:0138:013c:info:vkd3d-proton:vkd3d_pipeline_library_init_disk_cache: Remapping VKD3D_SHADER_CACHE to: vkd3d-proton.cache.
20335.647:0138:013c:info:vkd3d-proton:vkd3d_pipeline_library_init_disk_cache: Attempting to load disk cache from: vkd3d-proton.cache.
20335.647:0138:013c:warn:vkd3d-proton:d3d12_device_create: Feature level 0xc100 is not supported.
20335.649:0138:0168:info:vkd3d-proton:vkd3d_pipeline_library_disk_thread_main: Performing async setup of stream archive ...
20335.649:0138:0168:info:vkd3d-proton:vkd3d_pipeline_library_disk_cache_merge: No write cache exists. No need to merge any disk caches.
20335.649:0138:0168:info:vkd3d-proton:vkd3d_pipeline_library_disk_cache_initial_setup: Merging pipeline libraries took 0.589 ms.
20335.650:0138:0168:info:vkd3d-proton:vkd3d_pipeline_library_disk_cache_initial_setup: Mapping read-only cache took 0.953 ms.
20335.650:0138:0168:info:vkd3d-proton:d3d12_pipeline_library_read_blob_stream_format: Device teardown request received, stopping parse early.
20335.650:0138:0168:info:vkd3d-proton:vkd3d_pipeline_library_disk_cache_initial_setup: Parsing stream archive took 0.013 ms.
20335.650:0138:0168:info:vkd3d-proton:vkd3d_pipeline_library_disk_thread_main: Done performing async setup of stream archive.
20335.664:0138:013c:warn:vkd3d-proton:openvr_instance_extensions: Failed to open VR registry key, status 2.
20335.664:0138:013c:warn:vkd3d-proton:openxr_vulkan_extensions: Failed to get OpenXR extensions size from wineopenxr.
20335.666:0138:013c:info:vkd3d-proton:vkd3d_get_vk_version: vkd3d-proton - applicationVersion: 3.1.0.
20335.666:0138:013c:info:vkd3d-proton:vkd3d_instance_init: vkd3d-proton - build: 3dfc6f07d0953b1.
ATTENTION: default value of option tu_override_uncached_as_cache_coherent overridden by environment.
TU: info: TU_FORCE_PROPS: load_inline_uniforms_via_preamble_ldgk
20335.720:0138:013c:warn:vkd3d-proton:openvr_device_extensions: Failed to open VR registry key, status 2.
20335.720:0138:013c:warn:vkd3d-proton:openxr_vulkan_extensions: Failed to get OpenXR extensions size from wineopenxr.
20335.800:0138:013c:info:vkd3d-proton:vkd3d_physical_device_info_init_maint9: Implementation supports eliding QFOT for non-compressed optimal images.
20335.800:0138:013c:info:vkd3d-proton:vkd3d_init_device_caps: Not all relevant pipeline stages are supported by EXT_dgc. Skipping.
20335.805:0138:013c:warn:vkd3d-proton:d3d12_device_create_vkd3d_queues: Could not allocate an out of band queue for queue family 0. All out of band work will happen on the in band queue.
20335.805:0138:013c:warn:vkd3d-proton:d3d12_device_create_vkd3d_queues: Could not allocate an out of band queue for queue family 5. All out of band work will happen on the in band queue.
20335.807:0138:013c:info:vkd3d-proton:vkd3d_memory_info_decide_hvv_usage: Topology: UMA-like topology.
20335.807:0138:013c:info:vkd3d-proton:vkd3d_memory_info_upload_hvv_memory_properties: Topology: HVV usage is allowed, using DEVICE_LOCAL | HOST_COHERENT for UPLOAD.
20335.807:0138:013c:info:vkd3d-proton:vkd3d_bindless_state_get_bindless_flags: Device supports VK_EXT_mutable_descriptor_type.
20335.807:0138:013c:info:vkd3d-proton:vkd3d_bindless_state_add_binding: Device supports VK_EXT_descriptor_buffer!
20335.807:0138:013c:info:vkd3d-proton:vkd3d_bindless_state_add_binding: Device supports VK_EXT_descriptor_buffer!
20335.807:0138:013c:info:vkd3d-proton:vkd3d_bindless_state_add_binding: Device supports VK_EXT_descriptor_buffer!
20335.808:0138:013c:info:vkd3d-proton:d3d12_device_caps_init_shader_model: Enabling support for SM 6.6.
20335.808:0138:013c:warn:vkd3d-proton:d3d12_device_caps_init_feature_options1: No device info available for TotalLaneCount = 4096.
20335.808:0138:013c:fixme:vkd3d-proton:d3d12_device_caps_init_feature_options1: TotalLaneCount = 4096, may be inaccurate.
20335.808:0138:013c:info:vkd3d-proton:vkd3d_pipeline_library_init_disk_cache: Remapping VKD3D_SHADER_CACHE to: vkd3d-proton.cache.
20335.808:0138:013c:info:vkd3d-proton:vkd3d_pipeline_library_init_disk_cache: Attempting to load disk cache from: vkd3d-proton.cache.
20335.810:0138:0170:info:vkd3d-proton:vkd3d_pipeline_library_disk_thread_main: Performing async setup of stream archive ...
20335.810:0138:0170:info:vkd3d-proton:vkd3d_pipeline_library_disk_cache_merge: No write cache exists. No need to merge any disk caches.
20335.810:0138:0170:info:vkd3d-proton:vkd3d_pipeline_library_disk_cache_initial_setup: Merging pipeline libraries took 0.202 ms.
20335.810:0138:0170:info:vkd3d-proton:vkd3d_pipeline_library_disk_cache_initial_setup: Mapping read-only cache took 0.396 ms.
20335.810:0138:0170:info:vkd3d-proton:d3d12_pipeline_library_read_blob_stream_format: Device teardown request received, stopping parse early.
20335.810:0138:0170:info:vkd3d-proton:vkd3d_pipeline_library_disk_cache_initial_setup: Parsing stream archive took 0.010 ms.
20335.810:0138:0170:info:vkd3d-proton:vkd3d_pipeline_library_disk_thread_main: Done performing async setup of stream archive.
20335.824:0138:013c:warn:vkd3d-proton:openvr_instance_extensions: Failed to open VR registry key, status 2.
20335.824:0138:013c:warn:vkd3d-proton:openxr_vulkan_extensions: Failed to get OpenXR extensions size from wineopenxr.
20335.827:0138:013c:info:vkd3d-proton:vkd3d_get_vk_version: vkd3d-proton - applicationVersion: 3.1.0.
20335.827:0138:013c:info:vkd3d-proton:vkd3d_instance_init: vkd3d-proton - build: 3dfc6f07d0953b1.
ATTENTION: default value of option tu_override_uncached_as_cache_coherent overridden by environment.
TU: info: TU_FORCE_PROPS: load_inline_uniforms_via_preamble_ldgk
20335.864:0138:013c:warn:vkd3d-proton:openvr_device_extensions: Failed to open VR registry key, status 2.
20335.864:0138:013c:warn:vkd3d-proton:openxr_vulkan_extensions: Failed to get OpenXR extensions size from wineopenxr.
20335.949:0138:013c:info:vkd3d-proton:vkd3d_physical_device_info_init_maint9: Implementation supports eliding QFOT for non-compressed optimal images.
20335.949:0138:013c:info:vkd3d-proton:vkd3d_init_device_caps: Not all relevant pipeline stages are supported by EXT_dgc. Skipping.
20335.956:0138:013c:warn:vkd3d-proton:d3d12_device_create_vkd3d_queues: Could not allocate an out of band queue for queue family 0. All out of band work will happen on the in band queue.
20335.956:0138:013c:warn:vkd3d-proton:d3d12_device_create_vkd3d_queues: Could not allocate an out of band queue for queue family 5. All out of band work will happen on the in band queue.
20335.958:0138:013c:info:vkd3d-proton:vkd3d_memory_info_decide_hvv_usage: Topology: UMA-like topology.
20335.958:0138:013c:info:vkd3d-proton:vkd3d_memory_info_upload_hvv_memory_properties: Topology: HVV usage is allowed, using DEVICE_LOCAL | HOST_COHERENT for UPLOAD.
20335.958:0138:013c:info:vkd3d-proton:vkd3d_bindless_state_get_bindless_flags: Device supports VK_EXT_mutable_descriptor_type.
20335.958:0138:013c:info:vkd3d-proton:vkd3d_bindless_state_add_binding: Device supports VK_EXT_descriptor_buffer!
20335.958:0138:013c:info:vkd3d-proton:vkd3d_bindless_state_add_binding: Device supports VK_EXT_descriptor_buffer!
20335.958:0138:013c:info:vkd3d-proton:vkd3d_bindless_state_add_binding: Device supports VK_EXT_descriptor_buffer!
20335.960:0138:013c:info:vkd3d-proton:d3d12_device_caps_init_shader_model: Enabling support for SM 6.6.
20335.960:0138:013c:warn:vkd3d-proton:d3d12_device_caps_init_feature_options1: No device info available for TotalLaneCount = 4096.
20335.960:0138:013c:fixme:vkd3d-proton:d3d12_device_caps_init_feature_options1: TotalLaneCount = 4096, may be inaccurate.
20335.960:0138:013c:info:vkd3d-proton:vkd3d_pipeline_library_init_disk_cache: Remapping VKD3D_SHADER_CACHE to: vkd3d-proton.cache.
20335.960:0138:013c:info:vkd3d-proton:vkd3d_pipeline_library_init_disk_cache: Attempting to load disk cache from: vkd3d-proton.cache.
20335.961:0138:013c:warn:vkd3d-proton:d3d12_device_QueryInterface: {74eaee3f-2f4b-476d-82ba-2b85cb49e310} not implemented, returning E_NOINTERFACE.
20335.961:0138:0178:info:vkd3d-proton:vkd3d_pipeline_library_disk_thread_main: Performing async setup of stream archive ...
20335.962:0138:0178:info:vkd3d-proton:vkd3d_pipeline_library_disk_cache_merge: No write cache exists. No need to merge any disk caches.
20335.962:0138:0178:info:vkd3d-proton:vkd3d_pipeline_library_disk_cache_initial_setup: Merging pipeline libraries took 0.169 ms.
20335.962:0138:0178:info:vkd3d-proton:vkd3d_pipeline_library_disk_cache_initial_setup: Mapping read-only cache took 0.743 ms.
20335.977:0138:0178:info:vkd3d-proton:vkd3d_pipeline_library_disk_cache_initial_setup: Parsing stream archive took 14.900 ms.
20335.977:0138:0178:info:vkd3d-proton:vkd3d_pipeline_library_disk_thread_main: Done performing async setup of stream archive.
20336.135:0138:013c:warn:vkd3d-proton:d3d12_device_CheckFeatureSupport: Assuming device does not support tile based rendering.
20336.136:0138:013c:warn:vkd3d-proton:d3d12_device_CheckFeatureSupport: Assuming device does not support tile based rendering.
20336.137:0138:013c:fixme:vkd3d-proton:d3d12_command_queue_init: Global realtime priority is not implemented.
20336.137:0138:013c:fixme:vkd3d-proton:d3d12_command_queue_init: Ignoring priority 0x2710.
20337.581:0138:01e8:info:vkd3d-proton:dxgi_vk_swap_chain_init: Creating swapchain (1920 x 1080), BufferCount = 3.
20337.589:0138:01e8:info:vkd3d-proton:dxgi_vk_swap_chain_init_sync_objects: Enabling frame latency handles.
20337.589:0138:01e8:info:vkd3d-proton:dxgi_vk_swap_chain_init_sync_objects: Ensure maximum latency of 3 frames with KHR_present_wait.
20337.589:0138:01e8:info:vkd3d-proton:dxgi_vk_swap_chain_init_sleep_state: Timer interval is 1.0 ms.
warn:  DXGI: MakeWindowAssociation: Ignoring flags
20338.206:0138:015c:err:vkd3d-proton:d3d12_pipeline_state_validate_blend_state: Enabling blending on RT 0 with format DXGI_FORMAT_R8G8_UINT, but using integer format is not supported.
20338.206:0138:015c:err:vkd3d-proton:d3d12_pipeline_state_validate_blend_state: Enabling blending on RT 0 with format DXGI_FORMAT_R8G8_UINT, but using integer format is not supported.
20338.218:0138:0160:warn:vkd3d-proton:d3d12_pipeline_state_init_graphics_create_info: DSV format is DXGI_FORMAT_UNKNOWN.
20338.233:0138:0160:warn:vkd3d-proton:d3d12_pipeline_state_init_graphics_create_info: DSV format is DXGI_FORMAT_UNKNOWN.
20338.273:0138:0160:warn:vkd3d-proton:d3d12_pipeline_state_init_graphics_create_info: DSV format is DXGI_FORMAT_UNKNOWN.
20338.304:0138:0160:err:vkd3d-proton:d3d12_pipeline_state_validate_blend_state: Enabling blending on RT 0 with format DXGI_FORMAT_R8G8_UINT, but using integer format is not supported.
20338.304:0138:0160:err:vkd3d-proton:d3d12_pipeline_state_validate_blend_state: Enabling blending on RT 0 with format DXGI_FORMAT_R8G8_UINT, but using integer format is not supported.
20338.304:0138:0160:err:vkd3d-proton:d3d12_pipeline_state_validate_blend_state: Enabling blending on RT 0 with format DXGI_FORMAT_R8_UINT, but using integer format is not supported.
20338.304:0138:0160:err:vkd3d-proton:d3d12_pipeline_state_validate_blend_state: Enabling blending on RT 0 with format DXGI_FORMAT_R8_UINT, but using integer format is not supported.
20338.304:0138:0160:err:vkd3d-proton:d3d12_pipeline_state_validate_blend_state: Enabling blending on RT 0 with format DXGI_FORMAT_R32_UINT, but using integer format is not supported.
20338.304:0138:0160:err:vkd3d-proton:d3d12_pipeline_state_validate_blend_state: Enabling blending on RT 0 with format DXGI_FORMAT_R32_UINT, but using integer format is not supported.
20338.304:0138:0160:err:vkd3d-proton:d3d12_pipeline_state_validate_blend_state: Enabling blending on RT 0 with format DXGI_FORMAT_R32_SINT, but using integer format is not supported.
20338.304:0138:0160:err:vkd3d-proton:d3d12_pipeline_state_validate_blend_state: Enabling blending on RT 0 with format DXGI_FORMAT_R32_SINT, but using integer format is not supported.
20338.333:0138:0160:warn:vkd3d-proton:d3d12_pipeline_state_init_graphics_create_info: DSV format is DXGI_FORMAT_UNKNOWN.
20338.335:0138:015c:warn:vkd3d-proton:d3d12_pipeline_state_init_graphics_create_info: DSV format is DXGI_FORMAT_UNKNOWN.
20338.337:0138:0160:warn:vkd3d-proton:d3d12_pipeline_state_init_graphics_create_info: DSV format is DXGI_FORMAT_UNKNOWN.
20338.341:0138:015c:warn:vkd3d-proton:d3d12_pipeline_state_init_graphics_create_info: DSV format is DXGI_FORMAT_UNKNOWN.
20338.421:0138:0160:warn:vkd3d-proton:d3d12_pipeline_state_init_graphics_create_info: DSV format is DXGI_FORMAT_UNKNOWN.
20338.421:0138:015c:warn:vkd3d-proton:d3d12_pipeline_state_init_graphics_create_info: DSV format is DXGI_FORMAT_UNKNOWN.
20338.425:0138:0160:warn:vkd3d-proton:d3d12_pipeline_state_init_graphics_create_info: DSV format is DXGI_FORMAT_UNKNOWN.
20338.426:0138:015c:warn:vkd3d-proton:d3d12_pipeline_state_init_graphics_create_info: DSV format is DXGI_FORMAT_UNKNOWN.
20338.581:0138:0150:warn:vkd3d-proton:d3d12_pipeline_library_StorePipeline: Pipeline "CSWorkAroundCopyBuffer-6306a0066b9dda35" already exists.
20338.659:0138:015c:err:vkd3d-proton:d3d12_pipeline_state_validate_blend_state: Enabling blending on RT 0 with format DXGI_FORMAT_R8G8_UINT, but using integer format is not supported.
20338.659:0138:015c:err:vkd3d-proton:d3d12_pipeline_state_validate_blend_state: Enabling blending on RT 0 with format DXGI_FORMAT_R8G8_UINT, but using integer format is not supported.
20338.670:0138:0160:warn:vkd3d-proton:d3d12_pipeline_state_init_graphics_create_info: DSV format is DXGI_FORMAT_UNKNOWN.
20338.685:0138:0160:warn:vkd3d-proton:d3d12_pipeline_state_init_graphics_create_info: DSV format is DXGI_FORMAT_UNKNOWN.
20338.709:0138:0180:info:vkd3d-proton:dxgi_vk_swap_chain_recreate_swapchain_in_present_task: Got 3 swapchain images.
[2026-09-30 13:17:46.299] [MANGOHUD] [error] [file_utils.cpp:47] Error opening directory '/sys/class/powercap/': No such file or directory
[2026-09-30 13:17:46.299] [MANGOHUD] [error] [cpu.cpp:794] Failed to initialize CPU power data
20338.724:0138:015c:warn:vkd3d-proton:d3d12_pipeline_state_init_graphics_create_info: DSV format is DXGI_FORMAT_UNKNOWN.
20338.810:0138:0160:err:vkd3d-proton:d3d12_pipeline_state_validate_blend_state: Enabling blending on RT 0 with format DXGI_FORMAT_R8G8_UINT, but using integer format is not supported.
20338.810:0138:0160:err:vkd3d-proton:d3d12_pipeline_state_validate_blend_state: Enabling blending on RT 0 with format DXGI_FORMAT_R8G8_UINT, but using integer format is not supported.
20338.810:0138:0160:err:vkd3d-proton:d3d12_pipeline_state_validate_blend_state: Enabling blending on RT 0 with format DXGI_FORMAT_R8_UINT, but using integer format is not supported.
20338.810:0138:0160:err:vkd3d-proton:d3d12_pipeline_state_validate_blend_state: Enabling blending on RT 0 with format DXGI_FORMAT_R8_UINT, but using integer format is not supported.
20338.810:0138:0160:err:vkd3d-proton:d3d12_pipeline_state_validate_blend_state: Enabling blending on RT 0 with format DXGI_FORMAT_R32_UINT, but using integer format is not supported.
20338.810:0138:0160:err:vkd3d-proton:d3d12_pipeline_state_validate_blend_state: Enabling blending on RT 0 with format DXGI_FORMAT_R32_UINT, but using integer format is not supported.
20338.811:0138:0160:err:vkd3d-proton:d3d12_pipeline_state_validate_blend_state: Enabling blending on RT 0 with format DXGI_FORMAT_R32_SINT, but using integer format is not supported.
20338.811:0138:0160:err:vkd3d-proton:d3d12_pipeline_state_validate_blend_state: Enabling blending on RT 0 with format DXGI_FORMAT_R32_SINT, but using integer format is not supported.
20338.842:0138:0160:warn:vkd3d-proton:d3d12_pipeline_state_init_graphics_create_info: DSV format is DXGI_FORMAT_UNKNOWN.
20338.843:0138:015c:warn:vkd3d-proton:d3d12_pipeline_state_init_graphics_create_info: DSV format is DXGI_FORMAT_UNKNOWN.
20338.845:0138:0160:warn:vkd3d-proton:d3d12_pipeline_state_init_graphics_create_info: DSV format is DXGI_FORMAT_UNKNOWN.
20338.850:0138:015c:warn:vkd3d-proton:d3d12_pipeline_state_init_graphics_create_info: DSV format is DXGI_FORMAT_UNKNOWN.
20338.864:0138:0150:warn:vkd3d-proton:d3d12_pipeline_library_StorePipeline: Pipeline "CSWorkAroundClearBuffer-abe947076e85bb3c" already exists.
20338.899:0138:015c:warn:vkd3d-proton:d3d12_pipeline_state_init_graphics_create_info: DSV format is DXGI_FORMAT_UNKNOWN.
20338.899:0138:0160:warn:vkd3d-proton:d3d12_pipeline_state_init_graphics_create_info: DSV format is DXGI_FORMAT_UNKNOWN.
20338.907:0138:015c:warn:vkd3d-proton:d3d12_pipeline_state_init_graphics_create_info: DSV format is DXGI_FORMAT_UNKNOWN.
20338.907:0138:015c:warn:vkd3d-proton:d3d12_pipeline_state_init_graphics_create_info: DSV format is DXGI_FORMAT_UNKNOWN.
20338.924:0138:0180:info:vkd3d-proton:dxgi_vk_swap_chain_recreate_swapchain_in_present_task: Got 3 swapchain images.
20338.926:0138:01e8:info:vkd3d-proton:dxgi_vk_swap_chain_ChangeProperties: Reallocating swapchain (1280 x 800), BufferCount = 3.
[2026-09-30 13:17:46.512] [MANGOHUD] [error] [file_utils.cpp:47] Error opening directory '/sys/class/powercap/': No such file or directory
[2026-09-30 13:17:46.512] [MANGOHUD] [error] [cpu.cpp:794] Failed to initialize CPU power data
[2026-09-30 13:17:47.016] [MANGOHUD] [error] [file_utils.cpp:47] Error opening directory '/sys/class/powercap/': No such file or directory
[2026-09-30 13:17:47.017] [MANGOHUD] [error] [cpu.cpp:794] Failed to initialize CPU power data
[2026-09-30 13:17:47.520] [MANGOHUD] [error] [file_utils.cpp:47] Error opening directory '/sys/class/powercap/': No such file or directory
[2026-09-30 13:17:47.521] [MANGOHUD] [error] [cpu.cpp:794] Failed to initialize CPU power data
20340.173:0138:015c:warn:vkd3d-proton:d3d12_pipeline_state_init_graphics_create_info: DSV format is DXGI_FORMAT_UNKNOWN.
20340.332:0138:015c:warn:vkd3d-proton:d3d12_pipeline_state_init_graphics_create_info: DSV format is DXGI_FORMAT_UNKNOWN.
[2026-09-30 13:17:48.023] [MANGOHUD] [error] [file_utils.cpp:47] Error opening directory '/sys/class/powercap/': No such file or directory
[2026-09-30 13:17:48.024] [MANGOHUD] [error] [cpu.cpp:794] Failed to initialize CPU power data
20340.451:0138:0160:warn:vkd3d-proton:d3d12_device_validate_shader_meta: Attempting to use FP64 operations in shader f9390ad89db03123, but this is not supported.
20340.452:0138:0160:warn:vkd3d-proton:d3d12_device_validate_shader_meta: Attempting to use FP64 operations in shader f9390ad89db03123, but this is not supported.
20340.482:0138:015c:err:vkd3d-proton:vkd3d_pipeline_state_desc_from_d3d12_stream_desc: Cannot deduce pipeline type from shader stages 0x0.
20340.482:0138:015c:err:vkd3d-proton:vkd3d_pipeline_state_desc_from_d3d12_stream_desc: Cannot deduce pipeline type from shader stages 0x0.
20340.482:0138:015c:err:vkd3d-proton:vkd3d_pipeline_state_desc_from_d3d12_stream_desc: Cannot deduce pipeline type from shader stages 0x0.
D 254 Ran out of slots. Can't allocate more
20340.532:0138:0160:warn:vkd3d-proton:d3d12_pipeline_state_init_graphics_create_info: DSV format is DXGI_FORMAT_UNKNOWN.
D 258 Ran out of slots. Can't allocate more
20340.559:0138:015c:warn:vkd3d-proton:d3d12_pipeline_state_init_graphics_create_info: DSV format is DXGI_FORMAT_UNKNOWN.
20340.582:0138:0160:warn:vkd3d-proton:d3d12_pipeline_state_init_graphics_create_info: DSV format is DXGI_FORMAT_UNKNOWN.
20340.585:0138:0160:warn:vkd3d-proton:d3d12_pipeline_state_init_graphics_create_info: DSV format is DXGI_FORMAT_UNKNOWN.
20340.598:0138:0160:warn:vkd3d-proton:d3d12_pipeline_state_init_graphics_create_info: DSV format is DXGI_FORMAT_UNKNOWN.
20340.598:0138:015c:warn:vkd3d-proton:d3d12_pipeline_state_init_graphics_create_info: DSV format is DXGI_FORMAT_UNKNOWN.
20340.598:0138:0160:warn:vkd3d-proton:d3d12_pipeline_state_init_graphics_create_info: DSV format is DXGI_FORMAT_UNKNOWN.
20340.598:0138:0160:warn:vkd3d-proton:d3d12_pipeline_state_init_graphics_create_info: DSV format is DXGI_FORMAT_UNKNOWN.
20340.598:0138:0160:warn:vkd3d-proton:d3d12_pipeline_state_init_graphics_create_info: DSV format is DXGI_FORMAT_UNKNOWN.
20340.598:0138:015c:warn:vkd3d-proton:d3d12_pipeline_state_init_graphics_create_info: DSV format is DXGI_FORMAT_UNKNOWN.
20340.599:0138:015c:warn:vkd3d-proton:d3d12_pipeline_state_init_graphics_create_info: DSV format is DXGI_FORMAT_UNKNOWN.
20340.599:0138:0160:warn:vkd3d-proton:d3d12_pipeline_state_init_graphics_create_info: DSV format is DXGI_FORMAT_UNKNOWN.
20340.600:0138:015c:warn:vkd3d-proton:d3d12_pipeline_state_init_graphics_create_info: DSV format is DXGI_FORMAT_UNKNOWN.
20340.600:0138:015c:warn:vkd3d-proton:d3d12_pipeline_state_init_graphics_create_info: DSV format is DXGI_FORMAT_UNKNOWN.
20340.601:0138:015c:warn:vkd3d-proton:d3d12_pipeline_state_init_graphics_create_info: DSV format is DXGI_FORMAT_UNKNOWN.
20340.601:0138:015c:warn:vkd3d-proton:d3d12_pipeline_state_init_graphics_create_info: DSV format is DXGI_FORMAT_UNKNOWN.
20340.601:0138:0160:warn:vkd3d-proton:d3d12_pipeline_state_init_graphics_create_info: DSV format is DXGI_FORMAT_UNKNOWN.
20340.601:0138:0160:warn:vkd3d-proton:d3d12_pipeline_state_init_graphics_create_info: DSV format is DXGI_FORMAT_UNKNOWN.
20340.602:0138:0160:warn:vkd3d-proton:d3d12_pipeline_state_init_graphics_create_info: DSV format is DXGI_FORMAT_UNKNOWN.
20340.602:0138:0160:warn:vkd3d-proton:d3d12_pipeline_state_init_graphics_create_info: DSV format is DXGI_FORMAT_UNKNOWN.
20341.191:0138:015c:warn:vkd3d-proton:d3d12_pipeline_state_init_graphics_create_info: DSV format is DXGI_FORMAT_UNKNOWN.
20341.192:0138:0160:warn:vkd3d-proton:d3d12_pipeline_state_init_graphics_create_info: DSV format is DXGI_FORMAT_UNKNOWN.
20341.193:0138:015c:warn:vkd3d-proton:d3d12_pipeline_state_init_graphics_create_info: DSV format is DXGI_FORMAT_UNKNOWN.
20341.193:0138:0160:warn:vkd3d-proton:d3d12_pipeline_state_init_graphics_create_info: DSV format is DXGI_FORMAT_UNKNOWN.
20341.194:0138:015c:warn:vkd3d-proton:d3d12_pipeline_state_init_graphics_create_info: DSV format is DXGI_FORMAT_UNKNOWN.
20341.195:0138:0160:warn:vkd3d-proton:d3d12_pipeline_state_init_graphics_create_info: DSV format is DXGI_FORMAT_UNKNOWN.
20341.196:0138:015c:warn:vkd3d-proton:d3d12_pipeline_state_init_graphics_create_info: DSV format is DXGI_FORMAT_UNKNOWN.
20341.198:0138:0160:warn:vkd3d-proton:d3d12_pipeline_state_init_graphics_create_info: DSV format is DXGI_FORMAT_UNKNOWN.
20341.198:0138:015c:warn:vkd3d-proton:d3d12_pipeline_state_init_graphics_create_info: DSV format is DXGI_FORMAT_UNKNOWN.
20341.265:0138:0160:warn:vkd3d-proton:d3d12_device_validate_shader_meta: Attempting to use FP64 operations in shader f9390ad89db03123, but this is not supported.
20341.269:0138:0160:warn:vkd3d-proton:d3d12_device_validate_shader_meta: Attempting to use FP64 operations in shader f9390ad89db03123, but this is not supported.
info:  Setting display mode: 1280x800@60
info:  Setting display mode: 1280x800@60
20342.919:0138:0150:fixme:vkd3d-proton:dxgi_vk_swap_chain_SetGammaControl: iface 00000000cee038e0, NumControlPoints 1024, pControlPoints 00000000cec32818 stub!
info:  Setting display mode: 2560x1440@60
info:  Setting display mode: 2560x1440@60
20343.216:0138:0160:warn:vkd3d-proton:d3d12_pipeline_state_init_graphics_create_info: DSV format is DXGI_FORMAT_UNKNOWN.
20343.257:0138:0160:warn:vkd3d-proton:d3d12_pipeline_state_init_graphics_create_info: DSV format is DXGI_FORMAT_UNKNOWN.
20343.275:0138:0160:warn:vkd3d-proton:d3d12_pipeline_state_init_graphics_create_info: DSV format is DXGI_FORMAT_UNKNOWN.
20343.299:0138:0160:warn:vkd3d-proton:d3d12_pipeline_state_init_graphics_create_info: DSV format is DXGI_FORMAT_UNKNOWN.
20343.786:0138:0150:info:vkd3d-proton:dxgi_vk_swap_chain_ChangeProperties: Reallocating swapchain (2560 x 1440), BufferCount = 3.
20344.036:0138:0150:info:vkd3d-proton:dxgi_vk_swap_chain_SetTargetFrameRate: Set target frame rate to 60.0 FPS.
20344.154:0138:0180:info:vkd3d-proton:dxgi_vk_swap_chain_recreate_swapchain_in_present_task: Got 3 swapchain images.
info:  Setting display mode: 1280x800@60
info:  Setting display mode: 1280x800@60
20345.286:0138:01e8:info:vkd3d-proton:dxgi_vk_swap_chain_ChangeProperties: Reallocating swapchain (1280 x 800), BufferCount = 3.
info:  Setting display mode: 1280x800@60
info:  Setting display mode: 1280x800@60
info:  Restoring display mode: 2560x1440@60
info:  Setting display mode: 2560x1440@60
20345.547:0138:0150:fixme:vkd3d-proton:dxgi_vk_swap_chain_SetGammaControl: iface 00000000cee038e0, NumControlPoints 0, pControlPoints 0000000000000000 stub!
20345.672:0138:0180:info:vkd3d-proton:dxgi_vk_swap_chain_recreate_swapchain_in_present_task: Got 3 swapchain images.
20346.122:0138:015c:warn:vkd3d-proton:d3d12_pipeline_state_init_graphics_create_info: DSV format is DXGI_FORMAT_UNKNOWN.
20346.156:0138:0160:warn:vkd3d-proton:d3d12_pipeline_state_init_graphics_create_info: DSV format is DXGI_FORMAT_UNKNOWN.
20346.172:0138:0160:warn:vkd3d-proton:d3d12_pipeline_state_init_graphics_create_info: DSV format is DXGI_FORMAT_UNKNOWN.
D 260 Ran out of slots. Can't allocate more
D 264 Ran out of slots. Can't allocate more
D 268 Ran out of slots. Can't allocate more
D 26C Ran out of slots. Can't allocate more
20365.598:0138:0160:warn:vkd3d-proton:d3d12_pipeline_state_init_graphics_create_info: DSV format is DXGI_FORMAT_UNKNOWN.
20365.653:0138:0160:warn:vkd3d-proton:d3d12_pipeline_state_init_graphics_create_info: DSV format is DXGI_FORMAT_UNKNOWN.
20365.702:0138:0160:warn:vkd3d-proton:d3d12_pipeline_state_init_graphics_create_info: DSV format is DXGI_FORMAT_UNKNOWN.
20365.737:0138:015c:warn:vkd3d-proton:d3d12_pipeline_state_init_graphics_create_info: DSV format is DXGI_FORMAT_UNKNOWN.
20365.770:0138:015c:warn:vkd3d-proton:d3d12_pipeline_state_init_graphics_create_info: DSV format is DXGI_FORMAT_UNKNOWN.
[2026-09-30 13:19:46.317] [MANGOHUD] [info] [logging.cpp:79] /tmp/opencode/mangologs/re4_2026-09-30_13-17-46_summary.csv
Traceback (most recent call last):
  File "/usr/share/steam/compatibilitytools.d/proton-cachyos-11.0-arm64/proton", line 2457, in <module>
    rc = g_session.run()
  File "/usr/share/steam/compatibilitytools.d/proton-cachyos-11.0-arm64/proton", line 2397, in run
    rc = self.run_proc(adverb + argv + sys.argv[2:] + self.cmdlineappend)
  File "/usr/share/steam/compatibilitytools.d/proton-cachyos-11.0-arm64/proton", line 2346, in run_proc
    return subprocess.call(args, env=local_env, stderr=self.log_file, stdout=self.log_file)
           ~~~~~~~~~~~~~~~^^^^^^^^^^^^^^^^^^^^^^^^^^^^^^^^^^^^^^^^^^^^^^^^^^^^^^^^^^^^^^^^^
  File "/usr/lib64/python3.14/subprocess.py", line 398, in call
    return p.wait(timeout=timeout)
           ~~~~~~^^^^^^^^^^^^^^^^^
  File "/usr/lib64/python3.14/subprocess.py", line 1279, in wait
    return self._wait(timeout=timeout)
           ~~~~~~~~~~^^^^^^^^^^^^^^^^^
  File "/usr/lib64/python3.14/subprocess.py", line 2084, in _wait
    (pid, sts) = self._try_wait(0)
                 ~~~~~~~~~~~~~~^^^
  File "/usr/lib64/python3.14/subprocess.py", line 2042, in _try_wait
    (pid, sts) = os.waitpid(self.pid, wait_flags)
                 ~~~~~~~~~~^^^^^^^^^^^^^^^^^^^^^^
KeyboardInterrupt
# [свёрнуто 12 строк: d3d12_pipeline_library_load_pipeline ... does not exist]
