# date: 2026-09-29T13:16:32+08:00
# VK_DRIVER_FILES=/var/home/armada/opencode/turnip-a7xx-dx12/../build/out/freedreno_icd.json
# DRIRC_CONFIGDIR=<unset>
# MANGOHUD=1
# MANGOHUD_CONFIG=autostart_log,log_interval=1000,log_duration=90,output_folder=/tmp/opencode/mangologs
# devices (name | sparseResidencyImage2D):
#   Turnip Adreno (TM) 740  | true
# ---
ProtonFixes[42792] INFO: Running protonfixes on "cachyos-11.0-20260703-slr", build at 2026-07-21 23:36:49+00:00.
ProtonFixes[42792] INFO: Running checks
ProtonFixes[42792] INFO: All checks successful
ProtonFixes[42792] INFO: Using early stage global defaults for UNKNOWN (4)
ProtonFixes[42792] INFO: No early stage global protonfix found for UNKNOWN (4)
[2026-09-29 13:17:27.471] [MANGOHUD] [info] [cpu.cpp:636] hwmon: using input: /sys/class/hwmon/hwmon19/temp1_input
ProtonFixes[42792] INFO: Setting up FSR4 version default.
ProtonFixes[42792] INFO: Automatic FSR4 upgrade enabled.
ProtonFixes[42792] INFO: Running protonfixes on "cachyos-11.0-20260703-slr", build at 2026-07-21 23:36:49+00:00.
ProtonFixes[42792] INFO: Running checks
ProtonFixes[42792] INFO: All checks successful
ProtonFixes[42792] INFO: Using main stage global defaults for UNKNOWN (4)
ProtonFixes[42792] INFO: No main stage global protonfix found for UNKNOWN (4)
ntsync: up and running.
[2026-09-29 13:17:36.562] [MANGOHUD] [info] [blacklist.cpp:86] process 'explorer.exe' is blacklisted in MangoHud
ATTENTION: default value of option tu_override_uncached_as_cache_coherent overridden by environment.
ATTENTION: default value of option tu_override_uncached_as_cache_coherent overridden by environment.
[2026-09-29 13:17:38.902] [MANGOHUD] [info] [cpu.cpp:636] hwmon: using input: /sys/class/hwmon/hwmon19/temp1_input
warn:  CreateDXGIFactory2: Ignoring flags
info:  Game: re4.exe
info:  DXVK: v3.0.2-2-g0ff9cd328ca23b4
info:  Build: aarch64 clang 22.1.8
info:  Vulkan: Found vkGetInstanceProcAddr in winevulkan.dll @ 0x6ffff95e0cc0
info:  Extension providers:
info:    Platform WSI
info:    OpenVR
info:  OpenVR: could not open registry key, status 2
warn:  OpenVR: Failed to initialize OpenVR
info:    OpenXR
warn:  OpenXR: Unable to get required Vulkan instance extensions size
info:  Enabled instance extensions:
info:    VK_KHR_get_surface_capabilities2
info:    VK_KHR_surface
info:    VK_KHR_surface_maintenance1
info:    VK_KHR_win32_surface
ATTENTION: default value of option tu_override_uncached_as_cache_coherent overridden by environment.
info:  Found device: Turnip Adreno (TM) 740 (turnip Mesa driver 26.2.3)
warn:  OpenXR: Unable to get required Vulkan Device extensions size
warn:  DxgiAdapter::QueryInterface: Unknown interface query
warn:  f0db4c7f-fe5a-42a2-bd62-f2a6cf6fc83e
8212.287:0134:0138:warn:vkd3d-proton:openvr_instance_extensions: Failed to open VR registry key, status 2.
8212.287:0134:0138:warn:vkd3d-proton:openxr_vulkan_extensions: Failed to get OpenXR extensions size from wineopenxr.
8212.287:0134:0138:info:vkd3d-proton:vkd3d_instance_apply_application_workarounds: Program name: "re4.exe" (hash: 30ea40305615e978)
8212.287:0134:0138:info:vkd3d-proton:vkd3d_instance_apply_application_workarounds: Detected game re4.exe, adding shader quirks for specific shaders.
8212.287:0134:0138:info:vkd3d-proton:vkd3d_instance_deduce_config_flags_from_environment: shader_cache is used, global_pipeline_cache is enforced.
8212.287:0134:0138:info:vkd3d-proton:vkd3d_config_flags_init_once: VKD3D_CONFIG=''.
8212.289:0134:0138:info:vkd3d-proton:vkd3d_get_vk_version: vkd3d-proton - applicationVersion: 3.1.0.
8212.289:0134:0138:info:vkd3d-proton:vkd3d_instance_init: vkd3d-proton - build: 3dfc6f07d0953b1.
ATTENTION: default value of option tu_override_uncached_as_cache_coherent overridden by environment.
8212.330:0134:0138:warn:vkd3d-proton:openvr_device_extensions: Failed to open VR registry key, status 2.
8212.330:0134:0138:warn:vkd3d-proton:openxr_vulkan_extensions: Failed to get OpenXR extensions size from wineopenxr.
8212.420:0134:0138:info:vkd3d-proton:vkd3d_physical_device_info_init_maint9: Implementation supports eliding QFOT for non-compressed optimal images.
8212.420:0134:0138:info:vkd3d-proton:vkd3d_init_device_caps: Not all relevant pipeline stages are supported by EXT_dgc. Skipping.
8212.427:0134:0138:warn:vkd3d-proton:d3d12_device_create_vkd3d_queues: Could not allocate an out of band queue for queue family 0. All out of band work will happen on the in band queue.
8212.427:0134:0138:warn:vkd3d-proton:d3d12_device_create_vkd3d_queues: Could not allocate an out of band queue for queue family 5. All out of band work will happen on the in band queue.
8212.430:0134:0138:info:vkd3d-proton:vkd3d_memory_info_decide_hvv_usage: Topology: UMA-like topology.
8212.430:0134:0138:info:vkd3d-proton:vkd3d_memory_info_upload_hvv_memory_properties: Topology: HVV usage is allowed, using DEVICE_LOCAL | HOST_COHERENT for UPLOAD.
8212.430:0134:0138:info:vkd3d-proton:vkd3d_bindless_state_get_bindless_flags: Device supports VK_EXT_mutable_descriptor_type.
8212.430:0134:0138:info:vkd3d-proton:vkd3d_bindless_state_add_binding: Device supports VK_EXT_descriptor_buffer!
8212.430:0134:0138:info:vkd3d-proton:vkd3d_bindless_state_add_binding: Device supports VK_EXT_descriptor_buffer!
8212.430:0134:0138:info:vkd3d-proton:vkd3d_bindless_state_add_binding: Device supports VK_EXT_descriptor_buffer!
8212.432:0134:0138:info:vkd3d-proton:d3d12_device_caps_init_shader_model: Enabling support for SM 6.6.
8212.432:0134:0138:warn:vkd3d-proton:d3d12_device_caps_init_feature_options1: No device info available for TotalLaneCount = 4096.
8212.432:0134:0138:fixme:vkd3d-proton:d3d12_device_caps_init_feature_options1: TotalLaneCount = 4096, may be inaccurate.
8212.432:0134:0138:info:vkd3d-proton:vkd3d_pipeline_library_init_disk_cache: Remapping VKD3D_SHADER_CACHE to: vkd3d-proton.cache.
8212.432:0134:0138:info:vkd3d-proton:vkd3d_pipeline_library_init_disk_cache: Attempting to load disk cache from: vkd3d-proton.cache.
8212.434:0134:0138:warn:vkd3d-proton:d3d12_device_create: Feature level 0xc100 is not supported.
8212.435:0134:0164:info:vkd3d-proton:vkd3d_pipeline_library_disk_thread_main: Performing async setup of stream archive ...
8212.435:0134:0164:info:vkd3d-proton:vkd3d_pipeline_library_disk_cache_merge: No write cache exists. No need to merge any disk caches.
8212.436:0134:0164:info:vkd3d-proton:vkd3d_pipeline_library_disk_cache_initial_setup: Merging pipeline libraries took 0.296 ms.
8212.436:0134:0164:info:vkd3d-proton:vkd3d_pipeline_library_disk_cache_initial_setup: Mapping read-only cache took 0.404 ms.
8212.436:0134:0164:info:vkd3d-proton:d3d12_pipeline_library_read_blob_stream_format: Device teardown request received, stopping parse early.
8212.436:0134:0164:info:vkd3d-proton:vkd3d_pipeline_library_disk_cache_initial_setup: Parsing stream archive took 0.014 ms.
8212.436:0134:0164:info:vkd3d-proton:vkd3d_pipeline_library_disk_thread_main: Done performing async setup of stream archive.
8212.443:0134:0138:warn:vkd3d-proton:openvr_instance_extensions: Failed to open VR registry key, status 2.
8212.443:0134:0138:warn:vkd3d-proton:openxr_vulkan_extensions: Failed to get OpenXR extensions size from wineopenxr.
8212.445:0134:0138:info:vkd3d-proton:vkd3d_get_vk_version: vkd3d-proton - applicationVersion: 3.1.0.
8212.445:0134:0138:info:vkd3d-proton:vkd3d_instance_init: vkd3d-proton - build: 3dfc6f07d0953b1.
ATTENTION: default value of option tu_override_uncached_as_cache_coherent overridden by environment.
8212.483:0134:0138:warn:vkd3d-proton:openvr_device_extensions: Failed to open VR registry key, status 2.
8212.483:0134:0138:warn:vkd3d-proton:openxr_vulkan_extensions: Failed to get OpenXR extensions size from wineopenxr.
8212.566:0134:0138:info:vkd3d-proton:vkd3d_physical_device_info_init_maint9: Implementation supports eliding QFOT for non-compressed optimal images.
8212.566:0134:0138:info:vkd3d-proton:vkd3d_init_device_caps: Not all relevant pipeline stages are supported by EXT_dgc. Skipping.
8212.571:0134:0138:warn:vkd3d-proton:d3d12_device_create_vkd3d_queues: Could not allocate an out of band queue for queue family 0. All out of band work will happen on the in band queue.
8212.571:0134:0138:warn:vkd3d-proton:d3d12_device_create_vkd3d_queues: Could not allocate an out of band queue for queue family 5. All out of band work will happen on the in band queue.
8212.574:0134:0138:info:vkd3d-proton:vkd3d_memory_info_decide_hvv_usage: Topology: UMA-like topology.
8212.574:0134:0138:info:vkd3d-proton:vkd3d_memory_info_upload_hvv_memory_properties: Topology: HVV usage is allowed, using DEVICE_LOCAL | HOST_COHERENT for UPLOAD.
8212.574:0134:0138:info:vkd3d-proton:vkd3d_bindless_state_get_bindless_flags: Device supports VK_EXT_mutable_descriptor_type.
8212.575:0134:0138:info:vkd3d-proton:vkd3d_bindless_state_add_binding: Device supports VK_EXT_descriptor_buffer!
8212.575:0134:0138:info:vkd3d-proton:vkd3d_bindless_state_add_binding: Device supports VK_EXT_descriptor_buffer!
8212.575:0134:0138:info:vkd3d-proton:vkd3d_bindless_state_add_binding: Device supports VK_EXT_descriptor_buffer!
8212.576:0134:0138:info:vkd3d-proton:d3d12_device_caps_init_shader_model: Enabling support for SM 6.6.
8212.576:0134:0138:warn:vkd3d-proton:d3d12_device_caps_init_feature_options1: No device info available for TotalLaneCount = 4096.
8212.576:0134:0138:fixme:vkd3d-proton:d3d12_device_caps_init_feature_options1: TotalLaneCount = 4096, may be inaccurate.
8212.576:0134:0138:info:vkd3d-proton:vkd3d_pipeline_library_init_disk_cache: Remapping VKD3D_SHADER_CACHE to: vkd3d-proton.cache.
8212.576:0134:0138:info:vkd3d-proton:vkd3d_pipeline_library_init_disk_cache: Attempting to load disk cache from: vkd3d-proton.cache.
8212.578:0134:016c:info:vkd3d-proton:vkd3d_pipeline_library_disk_thread_main: Performing async setup of stream archive ...
8212.578:0134:016c:info:vkd3d-proton:vkd3d_pipeline_library_disk_cache_merge: No write cache exists. No need to merge any disk caches.
8212.578:0134:016c:info:vkd3d-proton:vkd3d_pipeline_library_disk_cache_initial_setup: Merging pipeline libraries took 0.206 ms.
8212.579:0134:016c:info:vkd3d-proton:vkd3d_pipeline_library_disk_cache_initial_setup: Mapping read-only cache took 0.373 ms.
8212.579:0134:016c:info:vkd3d-proton:d3d12_pipeline_library_read_blob_stream_format: Device teardown request received, stopping parse early.
8212.579:0134:016c:info:vkd3d-proton:vkd3d_pipeline_library_disk_cache_initial_setup: Parsing stream archive took 0.013 ms.
8212.579:0134:016c:info:vkd3d-proton:vkd3d_pipeline_library_disk_thread_main: Done performing async setup of stream archive.
8212.587:0134:0138:warn:vkd3d-proton:openvr_instance_extensions: Failed to open VR registry key, status 2.
8212.587:0134:0138:warn:vkd3d-proton:openxr_vulkan_extensions: Failed to get OpenXR extensions size from wineopenxr.
8212.589:0134:0138:info:vkd3d-proton:vkd3d_get_vk_version: vkd3d-proton - applicationVersion: 3.1.0.
8212.589:0134:0138:info:vkd3d-proton:vkd3d_instance_init: vkd3d-proton - build: 3dfc6f07d0953b1.
ATTENTION: default value of option tu_override_uncached_as_cache_coherent overridden by environment.
8212.621:0134:0138:warn:vkd3d-proton:openvr_device_extensions: Failed to open VR registry key, status 2.
8212.621:0134:0138:warn:vkd3d-proton:openxr_vulkan_extensions: Failed to get OpenXR extensions size from wineopenxr.
8212.703:0134:0138:info:vkd3d-proton:vkd3d_physical_device_info_init_maint9: Implementation supports eliding QFOT for non-compressed optimal images.
8212.703:0134:0138:info:vkd3d-proton:vkd3d_init_device_caps: Not all relevant pipeline stages are supported by EXT_dgc. Skipping.
8212.710:0134:0138:warn:vkd3d-proton:d3d12_device_create_vkd3d_queues: Could not allocate an out of band queue for queue family 0. All out of band work will happen on the in band queue.
8212.710:0134:0138:warn:vkd3d-proton:d3d12_device_create_vkd3d_queues: Could not allocate an out of band queue for queue family 5. All out of band work will happen on the in band queue.
8212.713:0134:0138:info:vkd3d-proton:vkd3d_memory_info_decide_hvv_usage: Topology: UMA-like topology.
8212.713:0134:0138:info:vkd3d-proton:vkd3d_memory_info_upload_hvv_memory_properties: Topology: HVV usage is allowed, using DEVICE_LOCAL | HOST_COHERENT for UPLOAD.
8212.713:0134:0138:info:vkd3d-proton:vkd3d_bindless_state_get_bindless_flags: Device supports VK_EXT_mutable_descriptor_type.
8212.713:0134:0138:info:vkd3d-proton:vkd3d_bindless_state_add_binding: Device supports VK_EXT_descriptor_buffer!
8212.713:0134:0138:info:vkd3d-proton:vkd3d_bindless_state_add_binding: Device supports VK_EXT_descriptor_buffer!
8212.713:0134:0138:info:vkd3d-proton:vkd3d_bindless_state_add_binding: Device supports VK_EXT_descriptor_buffer!
8212.714:0134:0138:info:vkd3d-proton:d3d12_device_caps_init_shader_model: Enabling support for SM 6.6.
8212.714:0134:0138:warn:vkd3d-proton:d3d12_device_caps_init_feature_options1: No device info available for TotalLaneCount = 4096.
8212.714:0134:0138:fixme:vkd3d-proton:d3d12_device_caps_init_feature_options1: TotalLaneCount = 4096, may be inaccurate.
8212.714:0134:0138:info:vkd3d-proton:vkd3d_pipeline_library_init_disk_cache: Remapping VKD3D_SHADER_CACHE to: vkd3d-proton.cache.
8212.714:0134:0138:info:vkd3d-proton:vkd3d_pipeline_library_init_disk_cache: Attempting to load disk cache from: vkd3d-proton.cache.
8212.715:0134:0138:warn:vkd3d-proton:d3d12_device_QueryInterface: {74eaee3f-2f4b-476d-82ba-2b85cb49e310} not implemented, returning E_NOINTERFACE.
8212.716:0134:0174:info:vkd3d-proton:vkd3d_pipeline_library_disk_thread_main: Performing async setup of stream archive ...
8212.716:0134:0174:info:vkd3d-proton:vkd3d_pipeline_library_disk_cache_merge: No write cache exists. No need to merge any disk caches.
8212.716:0134:0174:info:vkd3d-proton:vkd3d_pipeline_library_disk_cache_initial_setup: Merging pipeline libraries took 0.175 ms.
8212.717:0134:0174:info:vkd3d-proton:vkd3d_pipeline_library_disk_cache_initial_setup: Mapping read-only cache took 0.828 ms.
8212.734:0134:0174:info:vkd3d-proton:vkd3d_pipeline_library_disk_cache_initial_setup: Parsing stream archive took 16.676 ms.
8212.734:0134:0174:info:vkd3d-proton:vkd3d_pipeline_library_disk_thread_main: Done performing async setup of stream archive.
8212.944:0134:0138:warn:vkd3d-proton:d3d12_device_CheckFeatureSupport: Assuming device does not support tile based rendering.
8212.944:0134:0138:warn:vkd3d-proton:d3d12_device_CheckFeatureSupport: Assuming device does not support tile based rendering.
8212.946:0134:0138:fixme:vkd3d-proton:d3d12_command_queue_init: Global realtime priority is not implemented.
8212.946:0134:0138:fixme:vkd3d-proton:d3d12_command_queue_init: Ignoring priority 0x2710.
8214.318:0134:01e4:info:vkd3d-proton:dxgi_vk_swap_chain_init: Creating swapchain (1920 x 1080), BufferCount = 3.
8214.337:0134:01e4:info:vkd3d-proton:dxgi_vk_swap_chain_init_sync_objects: Enabling frame latency handles.
8214.337:0134:01e4:info:vkd3d-proton:dxgi_vk_swap_chain_init_sync_objects: Ensure maximum latency of 3 frames with KHR_present_wait.
8214.338:0134:01e4:info:vkd3d-proton:dxgi_vk_swap_chain_init_sleep_state: Timer interval is 1.0 ms.
warn:  DXGI: MakeWindowAssociation: Ignoring flags
8214.692:0134:0158:err:vkd3d-proton:d3d12_pipeline_state_validate_blend_state: Enabling blending on RT 0 with format DXGI_FORMAT_R8G8_UINT, but using integer format is not supported.
8214.692:0134:0158:err:vkd3d-proton:d3d12_pipeline_state_validate_blend_state: Enabling blending on RT 0 with format DXGI_FORMAT_R8G8_UINT, but using integer format is not supported.
8214.697:0134:015c:warn:vkd3d-proton:d3d12_pipeline_state_init_graphics_create_info: DSV format is DXGI_FORMAT_UNKNOWN.
8214.707:0134:0158:warn:vkd3d-proton:d3d12_pipeline_state_init_graphics_create_info: DSV format is DXGI_FORMAT_UNKNOWN.
8214.730:0134:015c:warn:vkd3d-proton:d3d12_pipeline_state_init_graphics_create_info: DSV format is DXGI_FORMAT_UNKNOWN.
8214.740:0134:015c:err:vkd3d-proton:d3d12_pipeline_state_validate_blend_state: Enabling blending on RT 0 with format DXGI_FORMAT_R8G8_UINT, but using integer format is not supported.
8214.741:0134:015c:err:vkd3d-proton:d3d12_pipeline_state_validate_blend_state: Enabling blending on RT 0 with format DXGI_FORMAT_R8G8_UINT, but using integer format is not supported.
8214.742:0134:015c:err:vkd3d-proton:d3d12_pipeline_state_validate_blend_state: Enabling blending on RT 0 with format DXGI_FORMAT_R8_UINT, but using integer format is not supported.
8214.742:0134:015c:err:vkd3d-proton:d3d12_pipeline_state_validate_blend_state: Enabling blending on RT 0 with format DXGI_FORMAT_R8_UINT, but using integer format is not supported.
8214.742:0134:015c:err:vkd3d-proton:d3d12_pipeline_state_validate_blend_state: Enabling blending on RT 0 with format DXGI_FORMAT_R32_UINT, but using integer format is not supported.
8214.742:0134:015c:err:vkd3d-proton:d3d12_pipeline_state_validate_blend_state: Enabling blending on RT 0 with format DXGI_FORMAT_R32_UINT, but using integer format is not supported.
8214.743:0134:015c:err:vkd3d-proton:d3d12_pipeline_state_validate_blend_state: Enabling blending on RT 0 with format DXGI_FORMAT_R32_SINT, but using integer format is not supported.
8214.743:0134:015c:err:vkd3d-proton:d3d12_pipeline_state_validate_blend_state: Enabling blending on RT 0 with format DXGI_FORMAT_R32_SINT, but using integer format is not supported.
8214.771:0134:0158:warn:vkd3d-proton:d3d12_pipeline_state_init_graphics_create_info: DSV format is DXGI_FORMAT_UNKNOWN.
8214.771:0134:015c:warn:vkd3d-proton:d3d12_pipeline_state_init_graphics_create_info: DSV format is DXGI_FORMAT_UNKNOWN.
8214.773:0134:0158:warn:vkd3d-proton:d3d12_pipeline_state_init_graphics_create_info: DSV format is DXGI_FORMAT_UNKNOWN.
8214.775:0134:015c:warn:vkd3d-proton:d3d12_pipeline_state_init_graphics_create_info: DSV format is DXGI_FORMAT_UNKNOWN.
8214.811:0134:015c:warn:vkd3d-proton:d3d12_pipeline_state_init_graphics_create_info: DSV format is DXGI_FORMAT_UNKNOWN.
8214.811:0134:0158:warn:vkd3d-proton:d3d12_pipeline_state_init_graphics_create_info: DSV format is DXGI_FORMAT_UNKNOWN.
8214.813:0134:015c:warn:vkd3d-proton:d3d12_pipeline_state_init_graphics_create_info: DSV format is DXGI_FORMAT_UNKNOWN.
8214.814:0134:0158:warn:vkd3d-proton:d3d12_pipeline_state_init_graphics_create_info: DSV format is DXGI_FORMAT_UNKNOWN.
8214.901:0134:0158:err:vkd3d-proton:d3d12_pipeline_state_validate_blend_state: Enabling blending on RT 0 with format DXGI_FORMAT_R8G8_UINT, but using integer format is not supported.
8214.901:0134:0158:err:vkd3d-proton:d3d12_pipeline_state_validate_blend_state: Enabling blending on RT 0 with format DXGI_FORMAT_R8G8_UINT, but using integer format is not supported.
8214.907:0134:015c:warn:vkd3d-proton:d3d12_pipeline_state_init_graphics_create_info: DSV format is DXGI_FORMAT_UNKNOWN.
8214.916:0134:015c:warn:vkd3d-proton:d3d12_pipeline_state_init_graphics_create_info: DSV format is DXGI_FORMAT_UNKNOWN.
8214.950:0134:0158:warn:vkd3d-proton:d3d12_pipeline_state_init_graphics_create_info: DSV format is DXGI_FORMAT_UNKNOWN.
8214.963:0134:0158:err:vkd3d-proton:d3d12_pipeline_state_validate_blend_state: Enabling blending on RT 0 with format DXGI_FORMAT_R8G8_UINT, but using integer format is not supported.
8214.964:0134:0158:err:vkd3d-proton:d3d12_pipeline_state_validate_blend_state: Enabling blending on RT 0 with format DXGI_FORMAT_R8G8_UINT, but using integer format is not supported.
8214.964:0134:0158:err:vkd3d-proton:d3d12_pipeline_state_validate_blend_state: Enabling blending on RT 0 with format DXGI_FORMAT_R8_UINT, but using integer format is not supported.
8214.964:0134:0158:err:vkd3d-proton:d3d12_pipeline_state_validate_blend_state: Enabling blending on RT 0 with format DXGI_FORMAT_R8_UINT, but using integer format is not supported.
8214.964:0134:0158:err:vkd3d-proton:d3d12_pipeline_state_validate_blend_state: Enabling blending on RT 0 with format DXGI_FORMAT_R32_UINT, but using integer format is not supported.
8214.964:0134:0158:err:vkd3d-proton:d3d12_pipeline_state_validate_blend_state: Enabling blending on RT 0 with format DXGI_FORMAT_R32_UINT, but using integer format is not supported.
8214.964:0134:0158:err:vkd3d-proton:d3d12_pipeline_state_validate_blend_state: Enabling blending on RT 0 with format DXGI_FORMAT_R32_SINT, but using integer format is not supported.
8214.964:0134:0158:err:vkd3d-proton:d3d12_pipeline_state_validate_blend_state: Enabling blending on RT 0 with format DXGI_FORMAT_R32_SINT, but using integer format is not supported.
8214.976:0134:0158:warn:vkd3d-proton:d3d12_pipeline_state_init_graphics_create_info: DSV format is DXGI_FORMAT_UNKNOWN.
8214.976:0134:015c:warn:vkd3d-proton:d3d12_pipeline_state_init_graphics_create_info: DSV format is DXGI_FORMAT_UNKNOWN.
8214.977:0134:0158:warn:vkd3d-proton:d3d12_pipeline_state_init_graphics_create_info: DSV format is DXGI_FORMAT_UNKNOWN.
8214.983:0134:015c:warn:vkd3d-proton:d3d12_pipeline_state_init_graphics_create_info: DSV format is DXGI_FORMAT_UNKNOWN.
8214.994:0134:0158:warn:vkd3d-proton:d3d12_pipeline_state_init_graphics_create_info: DSV format is DXGI_FORMAT_UNKNOWN.
8214.994:0134:015c:warn:vkd3d-proton:d3d12_pipeline_state_init_graphics_create_info: DSV format is DXGI_FORMAT_UNKNOWN.
8215.030:0134:0158:warn:vkd3d-proton:d3d12_pipeline_state_init_graphics_create_info: DSV format is DXGI_FORMAT_UNKNOWN.
8215.030:0134:0158:warn:vkd3d-proton:d3d12_pipeline_state_init_graphics_create_info: DSV format is DXGI_FORMAT_UNKNOWN.
8215.098:0134:014c:warn:vkd3d-proton:d3d12_pipeline_library_StorePipeline: Pipeline "CSWorkAroundCopyBuffer-6306a0066b9dda35" already exists.
8215.209:0134:017c:info:vkd3d-proton:dxgi_vk_swap_chain_recreate_swapchain_in_present_task: Got 3 swapchain images.
[2026-09-29 13:17:49.708] [MANGOHUD] [error] [file_utils.cpp:47] Error opening directory '/sys/class/powercap/': No such file or directory
[2026-09-29 13:17:49.708] [MANGOHUD] [error] [cpu.cpp:794] Failed to initialize CPU power data
8215.378:0134:014c:warn:vkd3d-proton:d3d12_pipeline_library_StorePipeline: Pipeline "CSWorkAroundClearBuffer-abe947076e85bb3c" already exists.
8215.431:0134:017c:info:vkd3d-proton:dxgi_vk_swap_chain_recreate_swapchain_in_present_task: Got 3 swapchain images.
[2026-09-29 13:17:49.930] [MANGOHUD] [error] [file_utils.cpp:47] Error opening directory '/sys/class/powercap/': No such file or directory
[2026-09-29 13:17:49.930] [MANGOHUD] [error] [cpu.cpp:794] Failed to initialize CPU power data
8215.433:0134:01e4:info:vkd3d-proton:dxgi_vk_swap_chain_ChangeProperties: Reallocating swapchain (1280 x 800), BufferCount = 3.
8215.453:0134:0158:warn:vkd3d-proton:d3d12_pipeline_state_init_graphics_create_info: DSV format is DXGI_FORMAT_UNKNOWN.
8215.504:0134:015c:err:vkd3d-proton:vkd3d_pipeline_state_desc_from_d3d12_stream_desc: Cannot deduce pipeline type from shader stages 0x0.
8215.504:0134:015c:err:vkd3d-proton:vkd3d_pipeline_state_desc_from_d3d12_stream_desc: Cannot deduce pipeline type from shader stages 0x0.
8215.504:0134:015c:err:vkd3d-proton:vkd3d_pipeline_state_desc_from_d3d12_stream_desc: Cannot deduce pipeline type from shader stages 0x0.
8215.507:0134:015c:warn:vkd3d-proton:d3d12_pipeline_state_init_graphics_create_info: DSV format is DXGI_FORMAT_UNKNOWN.
8215.546:0134:015c:warn:vkd3d-proton:d3d12_device_validate_shader_meta: Attempting to use FP64 operations in shader f9390ad89db03123, but this is not supported.
8215.548:0134:015c:warn:vkd3d-proton:d3d12_device_validate_shader_meta: Attempting to use FP64 operations in shader f9390ad89db03123, but this is not supported.
8215.583:0134:0158:warn:vkd3d-proton:d3d12_pipeline_state_init_graphics_create_info: DSV format is DXGI_FORMAT_UNKNOWN.
8215.589:0134:015c:warn:vkd3d-proton:d3d12_pipeline_state_init_graphics_create_info: DSV format is DXGI_FORMAT_UNKNOWN.
D 250 Ran out of slots. Can't allocate more
8215.600:0134:0158:warn:vkd3d-proton:d3d12_pipeline_state_init_graphics_create_info: DSV format is DXGI_FORMAT_UNKNOWN.
D 254 Ran out of slots. Can't allocate more
8215.612:0134:015c:warn:vkd3d-proton:d3d12_pipeline_state_init_graphics_create_info: DSV format is DXGI_FORMAT_UNKNOWN.
8215.618:0134:0158:warn:vkd3d-proton:d3d12_pipeline_state_init_graphics_create_info: DSV format is DXGI_FORMAT_UNKNOWN.
8215.618:0134:015c:warn:vkd3d-proton:d3d12_pipeline_state_init_graphics_create_info: DSV format is DXGI_FORMAT_UNKNOWN.
8215.619:0134:0158:warn:vkd3d-proton:d3d12_pipeline_state_init_graphics_create_info: DSV format is DXGI_FORMAT_UNKNOWN.
8215.619:0134:015c:warn:vkd3d-proton:d3d12_pipeline_state_init_graphics_create_info: DSV format is DXGI_FORMAT_UNKNOWN.
8215.619:0134:0158:warn:vkd3d-proton:d3d12_pipeline_state_init_graphics_create_info: DSV format is DXGI_FORMAT_UNKNOWN.
8215.619:0134:015c:warn:vkd3d-proton:d3d12_pipeline_state_init_graphics_create_info: DSV format is DXGI_FORMAT_UNKNOWN.
8215.619:0134:0158:warn:vkd3d-proton:d3d12_pipeline_state_init_graphics_create_info: DSV format is DXGI_FORMAT_UNKNOWN.
8215.619:0134:015c:warn:vkd3d-proton:d3d12_pipeline_state_init_graphics_create_info: DSV format is DXGI_FORMAT_UNKNOWN.
8215.619:0134:015c:warn:vkd3d-proton:d3d12_pipeline_state_init_graphics_create_info: DSV format is DXGI_FORMAT_UNKNOWN.
8215.619:0134:0158:warn:vkd3d-proton:d3d12_pipeline_state_init_graphics_create_info: DSV format is DXGI_FORMAT_UNKNOWN.
8215.619:0134:015c:warn:vkd3d-proton:d3d12_pipeline_state_init_graphics_create_info: DSV format is DXGI_FORMAT_UNKNOWN.
8215.619:0134:0158:warn:vkd3d-proton:d3d12_pipeline_state_init_graphics_create_info: DSV format is DXGI_FORMAT_UNKNOWN.
8215.619:0134:015c:warn:vkd3d-proton:d3d12_pipeline_state_init_graphics_create_info: DSV format is DXGI_FORMAT_UNKNOWN.
8215.620:0134:015c:warn:vkd3d-proton:d3d12_pipeline_state_init_graphics_create_info: DSV format is DXGI_FORMAT_UNKNOWN.
8215.620:0134:0158:warn:vkd3d-proton:d3d12_pipeline_state_init_graphics_create_info: DSV format is DXGI_FORMAT_UNKNOWN.
8215.620:0134:015c:warn:vkd3d-proton:d3d12_pipeline_state_init_graphics_create_info: DSV format is DXGI_FORMAT_UNKNOWN.
8215.909:0134:0158:warn:vkd3d-proton:d3d12_pipeline_state_init_graphics_create_info: DSV format is DXGI_FORMAT_UNKNOWN.
8215.909:0134:0158:warn:vkd3d-proton:d3d12_pipeline_state_init_graphics_create_info: DSV format is DXGI_FORMAT_UNKNOWN.
8215.910:0134:015c:warn:vkd3d-proton:d3d12_pipeline_state_init_graphics_create_info: DSV format is DXGI_FORMAT_UNKNOWN.
8215.910:0134:0158:warn:vkd3d-proton:d3d12_pipeline_state_init_graphics_create_info: DSV format is DXGI_FORMAT_UNKNOWN.
8215.910:0134:015c:warn:vkd3d-proton:d3d12_pipeline_state_init_graphics_create_info: DSV format is DXGI_FORMAT_UNKNOWN.
8215.911:0134:0158:warn:vkd3d-proton:d3d12_pipeline_state_init_graphics_create_info: DSV format is DXGI_FORMAT_UNKNOWN.
8215.911:0134:015c:warn:vkd3d-proton:d3d12_pipeline_state_init_graphics_create_info: DSV format is DXGI_FORMAT_UNKNOWN.
8215.912:0134:015c:warn:vkd3d-proton:d3d12_pipeline_state_init_graphics_create_info: DSV format is DXGI_FORMAT_UNKNOWN.
8215.912:0134:0158:warn:vkd3d-proton:d3d12_pipeline_state_init_graphics_create_info: DSV format is DXGI_FORMAT_UNKNOWN.
8215.970:0134:0158:warn:vkd3d-proton:d3d12_device_validate_shader_meta: Attempting to use FP64 operations in shader f9390ad89db03123, but this is not supported.
8216.045:0134:0158:warn:vkd3d-proton:d3d12_device_validate_shader_meta: Attempting to use FP64 operations in shader f9390ad89db03123, but this is not supported.
[2026-09-29 13:17:50.860] [MANGOHUD] [error] [file_utils.cpp:47] Error opening directory '/sys/class/powercap/': No such file or directory
[2026-09-29 13:17:50.860] [MANGOHUD] [error] [cpu.cpp:794] Failed to initialize CPU power data
[2026-09-29 13:17:51.371] [MANGOHUD] [error] [file_utils.cpp:47] Error opening directory '/sys/class/powercap/': No such file or directory
[2026-09-29 13:17:51.371] [MANGOHUD] [error] [cpu.cpp:794] Failed to initialize CPU power data
[2026-09-29 13:17:52.005] [MANGOHUD] [error] [file_utils.cpp:47] Error opening directory '/sys/class/powercap/': No such file or directory
[2026-09-29 13:17:52.005] [MANGOHUD] [error] [cpu.cpp:794] Failed to initialize CPU power data
info:  Setting display mode: 1280x800@60
info:  Setting display mode: 1280x800@60
8217.851:0134:0158:warn:vkd3d-proton:d3d12_pipeline_state_init_graphics_create_info: DSV format is DXGI_FORMAT_UNKNOWN.
8217.893:0134:0158:warn:vkd3d-proton:d3d12_pipeline_state_init_graphics_create_info: DSV format is DXGI_FORMAT_UNKNOWN.
8217.932:0134:015c:warn:vkd3d-proton:d3d12_pipeline_state_init_graphics_create_info: DSV format is DXGI_FORMAT_UNKNOWN.
8218.002:0134:015c:warn:vkd3d-proton:d3d12_pipeline_state_init_graphics_create_info: DSV format is DXGI_FORMAT_UNKNOWN.
8218.768:0134:014c:fixme:vkd3d-proton:dxgi_vk_swap_chain_SetGammaControl: iface 00000000d33513c0, NumControlPoints 1024, pControlPoints 0000000080eb1278 stub!
info:  Setting display mode: 2560x1440@60
info:  Setting display mode: 2560x1440@60
8218.814:0134:014c:info:vkd3d-proton:dxgi_vk_swap_chain_ChangeProperties: Reallocating swapchain (2560 x 1440), BufferCount = 3.
8219.171:0134:014c:info:vkd3d-proton:dxgi_vk_swap_chain_SetTargetFrameRate: Set target frame rate to 60.0 FPS.
8219.313:0134:017c:info:vkd3d-proton:dxgi_vk_swap_chain_recreate_swapchain_in_present_task: Got 3 swapchain images.
info:  Setting display mode: 1280x800@60
info:  Setting display mode: 1280x800@60
info:  Restoring display mode: 2560x1440@60
info:  Setting display mode: 2560x1440@60
8220.620:0134:014c:fixme:vkd3d-proton:dxgi_vk_swap_chain_SetGammaControl: iface 00000000d33513c0, NumControlPoints 0, pControlPoints 0000000000000000 stub!
8220.626:0134:014c:info:vkd3d-proton:dxgi_vk_swap_chain_ChangeProperties: Reallocating swapchain (1280 x 800), BufferCount = 3.
8220.860:0134:017c:info:vkd3d-proton:dxgi_vk_swap_chain_recreate_swapchain_in_present_task: Got 3 swapchain images.
8221.405:0134:015c:warn:vkd3d-proton:d3d12_pipeline_state_init_graphics_create_info: DSV format is DXGI_FORMAT_UNKNOWN.
8221.462:0134:0158:warn:vkd3d-proton:d3d12_pipeline_state_init_graphics_create_info: DSV format is DXGI_FORMAT_UNKNOWN.
8221.488:0134:0158:warn:vkd3d-proton:d3d12_pipeline_state_init_graphics_create_info: DSV format is DXGI_FORMAT_UNKNOWN.
D 25C Ran out of slots. Can't allocate more
D 260 Ran out of slots. Can't allocate more
D 264 Ran out of slots. Can't allocate more
D 268 Ran out of slots. Can't allocate more
8229.106:0134:0158:warn:vkd3d-proton:d3d12_pipeline_state_init_graphics_create_info: DSV format is DXGI_FORMAT_UNKNOWN.
8229.160:0134:0158:warn:vkd3d-proton:d3d12_pipeline_state_init_graphics_create_info: DSV format is DXGI_FORMAT_UNKNOWN.
8229.206:0134:0158:warn:vkd3d-proton:d3d12_pipeline_state_init_graphics_create_info: DSV format is DXGI_FORMAT_UNKNOWN.
8229.250:0134:0158:warn:vkd3d-proton:d3d12_pipeline_state_init_graphics_create_info: DSV format is DXGI_FORMAT_UNKNOWN.
8229.292:0134:0158:warn:vkd3d-proton:d3d12_pipeline_state_init_graphics_create_info: DSV format is DXGI_FORMAT_UNKNOWN.
D 26C Ran out of slots. Can't allocate more
D 270 Ran out of slots. Can't allocate more
8248.486:0134:015c:warn:vkd3d-proton:vkd3d_validate_shader_io_signatures: No corresponding output signature element found for INTERPOLATOR0.
8248.486:0134:015c:warn:vkd3d-proton:vkd3d_validate_shader_io_signatures: No corresponding output signature element found for INTERPOLATOR0.
8248.486:0134:0158:warn:vkd3d-proton:vkd3d_validate_shader_io_signatures: No corresponding output signature element found for INTERPOLATOR0.
8248.486:0134:0158:warn:vkd3d-proton:vkd3d_validate_shader_io_signatures: No corresponding output signature element found for INTERPOLATOR0.
8248.835:0134:015c:warn:vkd3d-proton:d3d12_pipeline_state_init_graphics_create_info: DSV format is DXGI_FORMAT_UNKNOWN.
8248.860:0134:0158:warn:vkd3d-proton:d3d12_pipeline_state_init_graphics_create_info: DSV format is DXGI_FORMAT_UNKNOWN.
8254.788:0134:015c:warn:vkd3d-proton:d3d12_pipeline_state_init_graphics_create_info: DSV format is DXGI_FORMAT_UNKNOWN.
8254.816:0134:0158:warn:vkd3d-proton:d3d12_pipeline_state_init_graphics_create_info: DSV format is DXGI_FORMAT_UNKNOWN.
8254.836:0134:0158:warn:vkd3d-proton:d3d12_pipeline_state_init_graphics_create_info: DSV format is DXGI_FORMAT_UNKNOWN.
8254.859:0134:0158:warn:vkd3d-proton:d3d12_pipeline_state_init_graphics_create_info: DSV format is DXGI_FORMAT_UNKNOWN.
8254.889:0134:015c:warn:vkd3d-proton:d3d12_pipeline_state_init_graphics_create_info: DSV format is DXGI_FORMAT_UNKNOWN.
8255.043:0134:0158:warn:vkd3d-proton:d3d12_pipeline_state_init_graphics_create_info: DSV format is DXGI_FORMAT_UNKNOWN.
8264.171:0134:0158:warn:vkd3d-proton:d3d12_pipeline_state_init_graphics_create_info: DSV format is DXGI_FORMAT_UNKNOWN.
8264.178:0134:0158:warn:vkd3d-proton:d3d12_pipeline_state_init_graphics_create_info: DSV format is DXGI_FORMAT_UNKNOWN.
8264.179:0134:0158:warn:vkd3d-proton:d3d12_pipeline_state_init_graphics_create_info: DSV format is DXGI_FORMAT_UNKNOWN.
8264.179:0134:0158:warn:vkd3d-proton:d3d12_pipeline_state_init_graphics_create_info: DSV format is DXGI_FORMAT_UNKNOWN.
8264.179:0134:0158:warn:vkd3d-proton:d3d12_pipeline_state_init_graphics_create_info: DSV format is DXGI_FORMAT_UNKNOWN.
8264.179:0134:015c:warn:vkd3d-proton:d3d12_pipeline_state_init_graphics_create_info: DSV format is DXGI_FORMAT_UNKNOWN.
8264.181:0134:0158:warn:vkd3d-proton:d3d12_pipeline_state_init_graphics_create_info: DSV format is DXGI_FORMAT_UNKNOWN.
8264.181:0134:0158:warn:vkd3d-proton:d3d12_pipeline_state_init_graphics_create_info: DSV format is DXGI_FORMAT_UNKNOWN.
8264.186:0134:0158:warn:vkd3d-proton:d3d12_pipeline_state_init_graphics_create_info: DSV format is DXGI_FORMAT_UNKNOWN.
8264.187:0134:0158:warn:vkd3d-proton:d3d12_pipeline_state_init_graphics_create_info: DSV format is DXGI_FORMAT_UNKNOWN.
8264.187:0134:0158:warn:vkd3d-proton:d3d12_pipeline_state_init_graphics_create_info: DSV format is DXGI_FORMAT_UNKNOWN.
8264.187:0134:0158:warn:vkd3d-proton:d3d12_pipeline_state_init_graphics_create_info: DSV format is DXGI_FORMAT_UNKNOWN.
8264.187:0134:0158:warn:vkd3d-proton:d3d12_pipeline_state_init_graphics_create_info: DSV format is DXGI_FORMAT_UNKNOWN.
8264.190:0134:0158:warn:vkd3d-proton:d3d12_pipeline_state_init_graphics_create_info: DSV format is DXGI_FORMAT_UNKNOWN.
8264.191:0134:0158:warn:vkd3d-proton:d3d12_pipeline_state_init_graphics_create_info: DSV format is DXGI_FORMAT_UNKNOWN.
8264.191:0134:0158:warn:vkd3d-proton:d3d12_pipeline_state_init_graphics_create_info: DSV format is DXGI_FORMAT_UNKNOWN.
8264.192:0134:0158:warn:vkd3d-proton:d3d12_pipeline_state_init_graphics_create_info: DSV format is DXGI_FORMAT_UNKNOWN.
8264.192:0134:0158:warn:vkd3d-proton:d3d12_pipeline_state_init_graphics_create_info: DSV format is DXGI_FORMAT_UNKNOWN.
8264.192:0134:0158:warn:vkd3d-proton:d3d12_pipeline_state_init_graphics_create_info: DSV format is DXGI_FORMAT_UNKNOWN.
8264.193:0134:0158:warn:vkd3d-proton:d3d12_pipeline_state_init_graphics_create_info: DSV format is DXGI_FORMAT_UNKNOWN.
8264.193:0134:0158:warn:vkd3d-proton:d3d12_pipeline_state_init_graphics_create_info: DSV format is DXGI_FORMAT_UNKNOWN.
8264.195:0134:015c:warn:vkd3d-proton:d3d12_pipeline_state_init_graphics_create_info: DSV format is DXGI_FORMAT_UNKNOWN.
8264.196:0134:0158:warn:vkd3d-proton:d3d12_pipeline_state_init_graphics_create_info: DSV format is DXGI_FORMAT_UNKNOWN.
8264.200:0134:0158:warn:vkd3d-proton:d3d12_pipeline_state_init_graphics_create_info: DSV format is DXGI_FORMAT_UNKNOWN.
8264.202:0134:015c:warn:vkd3d-proton:d3d12_pipeline_state_init_graphics_create_info: DSV format is DXGI_FORMAT_UNKNOWN.
8264.203:0134:0158:warn:vkd3d-proton:d3d12_pipeline_state_init_graphics_create_info: DSV format is DXGI_FORMAT_UNKNOWN.
8264.203:0134:0158:warn:vkd3d-proton:d3d12_pipeline_state_init_graphics_create_info: DSV format is DXGI_FORMAT_UNKNOWN.
8264.203:0134:0158:warn:vkd3d-proton:d3d12_pipeline_state_init_graphics_create_info: DSV format is DXGI_FORMAT_UNKNOWN.
8264.203:0134:0158:warn:vkd3d-proton:d3d12_pipeline_state_init_graphics_create_info: DSV format is DXGI_FORMAT_UNKNOWN.
8264.203:0134:0158:warn:vkd3d-proton:d3d12_pipeline_state_init_graphics_create_info: DSV format is DXGI_FORMAT_UNKNOWN.
8264.204:0134:0158:warn:vkd3d-proton:d3d12_pipeline_state_init_graphics_create_info: DSV format is DXGI_FORMAT_UNKNOWN.
8264.208:0134:0158:warn:vkd3d-proton:d3d12_pipeline_state_init_graphics_create_info: DSV format is DXGI_FORMAT_UNKNOWN.
8264.208:0134:0158:warn:vkd3d-proton:d3d12_pipeline_state_init_graphics_create_info: DSV format is DXGI_FORMAT_UNKNOWN.
8264.208:0134:015c:warn:vkd3d-proton:d3d12_pipeline_state_init_graphics_create_info: DSV format is DXGI_FORMAT_UNKNOWN.
8264.209:0134:0158:warn:vkd3d-proton:d3d12_pipeline_state_init_graphics_create_info: DSV format is DXGI_FORMAT_UNKNOWN.
8264.209:0134:015c:warn:vkd3d-proton:d3d12_pipeline_state_init_graphics_create_info: DSV format is DXGI_FORMAT_UNKNOWN.
8264.209:0134:0158:warn:vkd3d-proton:d3d12_pipeline_state_init_graphics_create_info: DSV format is DXGI_FORMAT_UNKNOWN.
8264.209:0134:0158:warn:vkd3d-proton:d3d12_pipeline_state_init_graphics_create_info: DSV format is DXGI_FORMAT_UNKNOWN.
8264.210:0134:0158:warn:vkd3d-proton:d3d12_pipeline_state_init_graphics_create_info: DSV format is DXGI_FORMAT_UNKNOWN.
8264.211:0134:0158:warn:vkd3d-proton:d3d12_pipeline_state_init_graphics_create_info: DSV format is DXGI_FORMAT_UNKNOWN.
8264.211:0134:0158:warn:vkd3d-proton:d3d12_pipeline_state_init_graphics_create_info: DSV format is DXGI_FORMAT_UNKNOWN.
8264.211:0134:0158:warn:vkd3d-proton:d3d12_pipeline_state_init_graphics_create_info: DSV format is DXGI_FORMAT_UNKNOWN.
8264.212:0134:0158:warn:vkd3d-proton:d3d12_pipeline_state_init_graphics_create_info: DSV format is DXGI_FORMAT_UNKNOWN.
8264.213:0134:0158:warn:vkd3d-proton:d3d12_pipeline_state_init_graphics_create_info: DSV format is DXGI_FORMAT_UNKNOWN.
8264.213:0134:0158:warn:vkd3d-proton:d3d12_pipeline_state_init_graphics_create_info: DSV format is DXGI_FORMAT_UNKNOWN.
8264.213:0134:0158:warn:vkd3d-proton:d3d12_pipeline_state_init_graphics_create_info: DSV format is DXGI_FORMAT_UNKNOWN.
8264.213:0134:0158:warn:vkd3d-proton:d3d12_pipeline_state_init_graphics_create_info: DSV format is DXGI_FORMAT_UNKNOWN.
8264.215:0134:0158:warn:vkd3d-proton:d3d12_pipeline_state_init_graphics_create_info: DSV format is DXGI_FORMAT_UNKNOWN.
8264.223:0134:0158:warn:vkd3d-proton:d3d12_pipeline_state_init_graphics_create_info: DSV format is DXGI_FORMAT_UNKNOWN.
8264.227:0134:0158:warn:vkd3d-proton:d3d12_pipeline_state_init_graphics_create_info: DSV format is DXGI_FORMAT_UNKNOWN.
8264.228:0134:0158:warn:vkd3d-proton:d3d12_pipeline_state_init_graphics_create_info: DSV format is DXGI_FORMAT_UNKNOWN.
8264.228:0134:0158:warn:vkd3d-proton:d3d12_pipeline_state_init_graphics_create_info: DSV format is DXGI_FORMAT_UNKNOWN.
8264.228:0134:0158:warn:vkd3d-proton:d3d12_pipeline_state_init_graphics_create_info: DSV format is DXGI_FORMAT_UNKNOWN.
8264.229:0134:0158:warn:vkd3d-proton:d3d12_pipeline_state_init_graphics_create_info: DSV format is DXGI_FORMAT_UNKNOWN.
8264.230:0134:0158:warn:vkd3d-proton:d3d12_pipeline_state_init_graphics_create_info: DSV format is DXGI_FORMAT_UNKNOWN.
8264.230:0134:0158:warn:vkd3d-proton:d3d12_pipeline_state_init_graphics_create_info: DSV format is DXGI_FORMAT_UNKNOWN.
8264.230:0134:0158:warn:vkd3d-proton:d3d12_pipeline_state_init_graphics_create_info: DSV format is DXGI_FORMAT_UNKNOWN.
8264.231:0134:0158:warn:vkd3d-proton:d3d12_pipeline_state_init_graphics_create_info: DSV format is DXGI_FORMAT_UNKNOWN.
8264.231:0134:0158:warn:vkd3d-proton:d3d12_pipeline_state_init_graphics_create_info: DSV format is DXGI_FORMAT_UNKNOWN.
8264.231:0134:0158:warn:vkd3d-proton:d3d12_pipeline_state_init_graphics_create_info: DSV format is DXGI_FORMAT_UNKNOWN.
8264.231:0134:0158:warn:vkd3d-proton:d3d12_pipeline_state_init_graphics_create_info: DSV format is DXGI_FORMAT_UNKNOWN.
8264.231:0134:0158:warn:vkd3d-proton:d3d12_pipeline_state_init_graphics_create_info: DSV format is DXGI_FORMAT_UNKNOWN.
8264.231:0134:0158:warn:vkd3d-proton:d3d12_pipeline_state_init_graphics_create_info: DSV format is DXGI_FORMAT_UNKNOWN.
8264.231:0134:0158:warn:vkd3d-proton:d3d12_pipeline_state_init_graphics_create_info: DSV format is DXGI_FORMAT_UNKNOWN.
8264.270:0134:015c:warn:vkd3d-proton:d3d12_pipeline_state_init_graphics_create_info: DSV format is DXGI_FORMAT_UNKNOWN.
8264.271:0134:015c:warn:vkd3d-proton:d3d12_pipeline_state_init_graphics_create_info: DSV format is DXGI_FORMAT_UNKNOWN.
8264.271:0134:015c:warn:vkd3d-proton:d3d12_pipeline_state_init_graphics_create_info: DSV format is DXGI_FORMAT_UNKNOWN.
8264.271:0134:015c:warn:vkd3d-proton:d3d12_pipeline_state_init_graphics_create_info: DSV format is DXGI_FORMAT_UNKNOWN.
8264.276:0134:015c:warn:vkd3d-proton:d3d12_pipeline_state_init_graphics_create_info: DSV format is DXGI_FORMAT_UNKNOWN.
8269.343:0134:0158:warn:vkd3d-proton:d3d12_pipeline_state_init_graphics_create_info: DSV format is DXGI_FORMAT_UNKNOWN.
8269.395:0134:015c:warn:vkd3d-proton:d3d12_pipeline_state_init_graphics_create_info: DSV format is DXGI_FORMAT_UNKNOWN.
8269.455:0134:0158:warn:vkd3d-proton:d3d12_pipeline_state_init_graphics_create_info: DSV format is DXGI_FORMAT_UNKNOWN.
[2026-09-29 13:19:19.765] [MANGOHUD] [info] [logging.cpp:79] /tmp/opencode/mangologs/re4_2026-09-29_13-17-49_summary.csv
D 274 Ran out of slots. Can't allocate more
D 278 Ran out of slots. Can't allocate more
Traceback (most recent call last):
  File "/usr/share/steam/compatibilitytools.d/proton-cachyos-11.0-arm64/proton", line 2457, in <module>
    rc = g_session.run()
  File "/usr/share/steam/compatibilitytools.d/proton-cachyos-11.0-arm64/proton", line 2397, in run
    rc = self.run_proc(adverb + argv + sys.argv[2:] + self.cmdlineappend)
  File "/usr/share/steam/compatibilitytools.d/proton-cachyos-11.0-arm64/proton", line 2346, in run_proc
    return subprocess.call(args, env=local_env, stderr=self.log_file, stdout=self.log_file)
           ~~~~~~~~~~~~~~~^^^^^^^^^^^^^^^^^^^^^^^^^^^^^^^^^^^^^^^^^^^^^^^^^^^^^^^^^^^^^^^^^
  File "/usr/lib64/python3.14/subprocess.py", line 398, in call
    return p.wait(timeout=timeout)
           ~~~~~~^^^^^^^^^^^^^^^^^
  File "/usr/lib64/python3.14/subprocess.py", line 1279, in wait
    return self._wait(timeout=timeout)
           ~~~~~~~~~~^^^^^^^^^^^^^^^^^
  File "/usr/lib64/python3.14/subprocess.py", line 2084, in _wait
    (pid, sts) = self._try_wait(0)
                 ~~~~~~~~~~~~~~^^^
  File "/usr/lib64/python3.14/subprocess.py", line 2042, in _try_wait
    (pid, sts) = os.waitpid(self.pid, wait_flags)
                 ~~~~~~~~~~^^^^^^^^^^^^^^^^^^^^^^
KeyboardInterrupt
# [свёрнуто 14 строк: d3d12_pipeline_library_load_pipeline ... does not exist]
