# date: 2026-10-04T22:25:40+08:00
# mode: stock
# VK_DRIVER_FILES=<unset>
# vkd3d-proton: master-сборка 7d38fc5ef9b9571f (native-override)
# devices (name | sparseResidencyImage2D):
#   Turnip Adreno (TM) 740  | false
#   llvmpipe (LLVM 22.1.8, 128 bits) | true
# ---
ProtonFixes[17408] INFO: Running protonfixes on "cachyos-11.0-20260703-slr", build at 2026-07-21 23:36:49+00:00.
ProtonFixes[17408] INFO: Running checks
ProtonFixes[17408] INFO: All checks successful
ProtonFixes[17408] INFO: Using early stage global defaults for UNKNOWN (1716740)
ProtonFixes[17408] INFO: Using early stage global protonfix for UNKNOWN (1716740)
[Vulkan Loader] WARNING:        terminator_CreateInstance: Received return code -9 from call to vkCreateInstance in ICD /usr/lib64/libvulkan_dzn.so. Skipping this driver.
ProtonFixes[17408] INFO: Setting up FSR4 version default.
ProtonFixes[17408] INFO: Automatic FSR4 upgrade enabled.
ProtonFixes[17408] INFO: Running protonfixes on "cachyos-11.0-20260703-slr", build at 2026-07-21 23:36:49+00:00.
ProtonFixes[17408] INFO: Running checks
ProtonFixes[17408] INFO: All checks successful
ProtonFixes[17408] INFO: Using main stage global defaults for UNKNOWN (1716740)
ProtonFixes[17408] INFO: Using main stage global protonfix for UNKNOWN (1716740)
ntsync: up and running.
[Vulkan Loader] WARNING:        terminator_CreateInstance: Received return code -9 from call to vkCreateInstance in ICD /usr/lib64/libvulkan_dzn.so. Skipping this driver.
ATTENTION: default value of option tu_override_uncached_as_cache_coherent overridden by environment.
warn:  CreateDXGIFactory2: Ignoring flags
info:  Game: Starfield.exe
info:  DXVK: v3.0.2-2-g0ff9cd328ca23b4
info:  Build: aarch64 clang 22.1.8
info:  Vulkan: Found vkGetInstanceProcAddr in winevulkan.dll @ 0x6ffff57e0cc0
info:  Extension providers:
info:    Platform WSI
info:    OpenVR
info:  OpenVR: could not open registry key, status 2
warn:  OpenVR: Failed to initialize OpenVR
info:    OpenXR
warn:  OpenXR: Unable to get required Vulkan instance extensions size
info:  Enabled instance extensions:
info:    VK_KHR_get_surface_capabilities2
info:    VK_KHR_surface
info:    VK_KHR_surface_maintenance1
info:    VK_KHR_win32_surface
[Vulkan Loader] WARNING:        terminator_CreateInstance: Received return code -9 from call to vkCreateInstance in ICD /usr/lib64/libvulkan_dzn.so. Skipping this driver.
ATTENTION: default value of option tu_override_uncached_as_cache_coherent overridden by environment.
[Vulkan Loader] WARNING:        terminator_CreateInstance: Received return code -9 from call to vkCreateInstance in ICD /usr/lib64/libvulkan_dzn.so. Skipping this driver.
ATTENTION: default value of option tu_override_uncached_as_cache_coherent overridden by environment.
info:  Found device: Turnip Adreno (TM) 740 (turnip Mesa driver 26.2.3)
info:  Found device: llvmpipe (LLVM 22.1.8, 128 bits) (llvmpipe 26.2.3)
info:    Skipping: Software driver
warn:  OpenXR: Unable to get required Vulkan Device extensions size
info:  XeSS: hiding Intel GPU Vendor ID
warn:  DxgiAdapter::QueryInterface: Unknown interface query
warn:  f0db4c7f-fe5a-42a2-bd62-f2a6cf6fc83e
4221.000:0134:0138:warn:vkd3d-proton:openvr_instance_extensions: Failed to open VR registry key, status 2.
4221.002:0134:0138:warn:vkd3d-proton:openxr_vulkan_extensions: Failed to get OpenXR extensions size from wineopenxr.
4221.057:0134:0138:info:vkd3d-proton:vkd3d_instance_apply_application_workarounds: Detected game Starfield.exe, adding 3 configs, removing 0 configs.
4221.057:0134:0138:info:vkd3d-proton:vkd3d_instance_apply_application_workarounds: Detected game Starfield.exe, adding shader quirks for specific shaders.
4221.058:0134:0138:info:vkd3d-proton:vkd3d_instance_deduce_config_flags_from_environment: shader_cache is used, global_pipeline_cache is enforced.
4221.058:0134:0138:info:vkd3d-proton:vkd3d_config_flags_init_once: VKD3D_CONFIG=''.
4221.094:0134:0138:info:vkd3d-proton:vkd3d_get_vk_version: vkd3d-proton - applicationVersion: 3.1.0.
4221.094:0134:0138:info:vkd3d-proton:vkd3d_instance_init: vkd3d-proton - build: 31d1f89ca5b3f2f+.
[Vulkan Loader] WARNING:        terminator_CreateInstance: Received return code -9 from call to vkCreateInstance in ICD /usr/lib64/libvulkan_dzn.so. Skipping this driver.
ATTENTION: default value of option tu_override_uncached_as_cache_coherent overridden by environment.
4221.121:0134:0138:warn:vkd3d-proton:openvr_device_extensions: Failed to open VR registry key, status 2.
4221.121:0134:0138:warn:vkd3d-proton:openxr_vulkan_extensions: Failed to get OpenXR extensions size from wineopenxr.
4221.220:0134:0138:info:vkd3d-proton:vkd3d_physical_device_info_init_maint9: Implementation supports eliding QFOT for non-compressed optimal images.
4221.221:0134:0138:info:vkd3d-proton:vkd3d_init_device_caps: Not all relevant pipeline stages are supported by EXT_dgc. Skipping.
4221.236:0134:0138:info:vkd3d-proton:vkd3d_memory_info_decide_hvv_usage: Topology: UMA-like topology.
4221.236:0134:0138:info:vkd3d-proton:vkd3d_memory_info_upload_hvv_memory_properties: Topology: HVV usage is allowed, using DEVICE_LOCAL | HOST_COHERENT for UPLOAD.
4221.239:0134:0138:info:vkd3d-proton:vkd3d_bindless_state_get_bindless_flags: Device supports VK_EXT_mutable_descriptor_type.
4221.240:0134:0138:info:vkd3d-proton:vkd3d_bindless_state_add_binding: Device supports VK_EXT_descriptor_buffer!
4221.241:0134:0138:info:vkd3d-proton:vkd3d_bindless_state_add_binding: Device supports VK_EXT_descriptor_buffer!
4221.241:0134:0138:info:vkd3d-proton:vkd3d_bindless_state_add_binding: Device supports VK_EXT_descriptor_buffer!
4221.498:0134:0138:info:vkd3d-proton:d3d12_device_caps_init_shader_model: Enabling support for SM 6.6.
4221.501:0134:0138:warn:vkd3d-proton:d3d12_device_caps_init_feature_options1: No device info available for TotalLaneCount = 4096.
4221.502:0134:0138:fixme:vkd3d-proton:d3d12_device_caps_init_feature_options1: TotalLaneCount = 4096, may be inaccurate.
4221.512:0134:0138:info:vkd3d-proton:vkd3d_pipeline_library_init_disk_cache: Remapping VKD3D_SHADER_CACHE to: vkd3d-proton.cache.
4221.512:0134:0138:info:vkd3d-proton:vkd3d_pipeline_library_init_disk_cache: Attempting to load disk cache from: vkd3d-proton.cache.
4221.514:0134:0138:warn:vkd3d-proton:d3d12_device_create: Feature level 0xc200 is not supported.
4221.519:0134:0144:info:vkd3d-proton:vkd3d_pipeline_library_disk_thread_main: Performing async setup of stream archive ...
4221.525:0134:0144:info:vkd3d-proton:vkd3d_pipeline_library_disk_cache_merge: Merging disk caches.
4221.525:0134:0144:info:vkd3d-proton:vkd3d_pipeline_library_disk_cache_merge: Read-only cache is out of date, discarding it.
4221.527:0134:0144:info:vkd3d-proton:vkd3d_pipeline_library_disk_cache_merge: Successfully promoted write cache to read cache.
4221.529:0134:0144:info:vkd3d-proton:vkd3d_pipeline_library_disk_cache_initial_setup: Merging pipeline libraries took 8.538 ms.
4221.534:0134:0144:info:vkd3d-proton:vkd3d_pipeline_library_disk_cache_initial_setup: Mapping read-only cache took 0.801 ms.
4221.536:0134:0144:info:vkd3d-proton:d3d12_pipeline_library_read_blob_stream_format: Device teardown request received, stopping parse early.
4221.536:0134:0144:info:vkd3d-proton:vkd3d_pipeline_library_disk_cache_initial_setup: Parsing stream archive took 0.202 ms.
4221.536:0134:0144:info:vkd3d-proton:vkd3d_pipeline_library_disk_thread_main: Done performing async setup of stream archive.
4221.558:0134:0138:warn:vkd3d-proton:openvr_instance_extensions: Failed to open VR registry key, status 2.
4221.558:0134:0138:warn:vkd3d-proton:openxr_vulkan_extensions: Failed to get OpenXR extensions size from wineopenxr.
4221.582:0134:0138:info:vkd3d-proton:vkd3d_get_vk_version: vkd3d-proton - applicationVersion: 3.1.0.
4221.582:0134:0138:info:vkd3d-proton:vkd3d_instance_init: vkd3d-proton - build: 31d1f89ca5b3f2f+.
[Vulkan Loader] WARNING:        terminator_CreateInstance: Received return code -9 from call to vkCreateInstance in ICD /usr/lib64/libvulkan_dzn.so. Skipping this driver.
ATTENTION: default value of option tu_override_uncached_as_cache_coherent overridden by environment.
4221.606:0134:0138:warn:vkd3d-proton:openvr_device_extensions: Failed to open VR registry key, status 2.
4221.606:0134:0138:warn:vkd3d-proton:openxr_vulkan_extensions: Failed to get OpenXR extensions size from wineopenxr.
4221.698:0134:0138:info:vkd3d-proton:vkd3d_physical_device_info_init_maint9: Implementation supports eliding QFOT for non-compressed optimal images.
4221.698:0134:0138:info:vkd3d-proton:vkd3d_init_device_caps: Not all relevant pipeline stages are supported by EXT_dgc. Skipping.
4221.706:0134:0138:info:vkd3d-proton:vkd3d_memory_info_decide_hvv_usage: Topology: UMA-like topology.
4221.706:0134:0138:info:vkd3d-proton:vkd3d_memory_info_upload_hvv_memory_properties: Topology: HVV usage is allowed, using DEVICE_LOCAL | HOST_COHERENT for UPLOAD.
4221.706:0134:0138:info:vkd3d-proton:vkd3d_bindless_state_get_bindless_flags: Device supports VK_EXT_mutable_descriptor_type.
4221.706:0134:0138:info:vkd3d-proton:vkd3d_bindless_state_add_binding: Device supports VK_EXT_descriptor_buffer!
4221.706:0134:0138:info:vkd3d-proton:vkd3d_bindless_state_add_binding: Device supports VK_EXT_descriptor_buffer!
4221.706:0134:0138:info:vkd3d-proton:vkd3d_bindless_state_add_binding: Device supports VK_EXT_descriptor_buffer!
4221.708:0134:0138:info:vkd3d-proton:d3d12_device_caps_init_shader_model: Enabling support for SM 6.6.
4221.708:0134:0138:warn:vkd3d-proton:d3d12_device_caps_init_feature_options1: No device info available for TotalLaneCount = 4096.
4221.708:0134:0138:fixme:vkd3d-proton:d3d12_device_caps_init_feature_options1: TotalLaneCount = 4096, may be inaccurate.
4221.708:0134:0138:info:vkd3d-proton:vkd3d_pipeline_library_init_disk_cache: Remapping VKD3D_SHADER_CACHE to: vkd3d-proton.cache.
4221.708:0134:0138:info:vkd3d-proton:vkd3d_pipeline_library_init_disk_cache: Attempting to load disk cache from: vkd3d-proton.cache.
4221.709:0134:0138:warn:vkd3d-proton:d3d12_device_create: Feature level 0xc100 is not supported.
4221.712:0134:014c:info:vkd3d-proton:vkd3d_pipeline_library_disk_thread_main: Performing async setup of stream archive ...
4221.712:0134:014c:info:vkd3d-proton:vkd3d_pipeline_library_disk_cache_merge: No write cache exists. No need to merge any disk caches.
4221.712:0134:014c:info:vkd3d-proton:vkd3d_pipeline_library_disk_cache_initial_setup: Merging pipeline libraries took 0.723 ms.
4221.713:0134:014c:info:vkd3d-proton:vkd3d_pipeline_library_disk_cache_initial_setup: Mapping read-only cache took 0.676 ms.
4221.713:0134:014c:info:vkd3d-proton:d3d12_pipeline_library_read_blob_stream_format: Device teardown request received, stopping parse early.
4221.713:0134:014c:info:vkd3d-proton:vkd3d_pipeline_library_disk_cache_initial_setup: Parsing stream archive took 0.041 ms.
4221.713:0134:014c:info:vkd3d-proton:vkd3d_pipeline_library_disk_thread_main: Done performing async setup of stream archive.
4221.719:0134:0138:warn:vkd3d-proton:openvr_instance_extensions: Failed to open VR registry key, status 2.
4221.719:0134:0138:warn:vkd3d-proton:openxr_vulkan_extensions: Failed to get OpenXR extensions size from wineopenxr.
4221.728:0134:0138:info:vkd3d-proton:vkd3d_get_vk_version: vkd3d-proton - applicationVersion: 3.1.0.
4221.728:0134:0138:info:vkd3d-proton:vkd3d_instance_init: vkd3d-proton - build: 31d1f89ca5b3f2f+.
[Vulkan Loader] WARNING:        terminator_CreateInstance: Received return code -9 from call to vkCreateInstance in ICD /usr/lib64/libvulkan_dzn.so. Skipping this driver.
ATTENTION: default value of option tu_override_uncached_as_cache_coherent overridden by environment.
4221.743:0134:0138:warn:vkd3d-proton:openvr_device_extensions: Failed to open VR registry key, status 2.
4221.743:0134:0138:warn:vkd3d-proton:openxr_vulkan_extensions: Failed to get OpenXR extensions size from wineopenxr.
4221.827:0134:0138:info:vkd3d-proton:vkd3d_physical_device_info_init_maint9: Implementation supports eliding QFOT for non-compressed optimal images.
4221.827:0134:0138:info:vkd3d-proton:vkd3d_init_device_caps: Not all relevant pipeline stages are supported by EXT_dgc. Skipping.
4221.834:0134:0138:info:vkd3d-proton:vkd3d_memory_info_decide_hvv_usage: Topology: UMA-like topology.
4221.834:0134:0138:info:vkd3d-proton:vkd3d_memory_info_upload_hvv_memory_properties: Topology: HVV usage is allowed, using DEVICE_LOCAL | HOST_COHERENT for UPLOAD.
4221.834:0134:0138:info:vkd3d-proton:vkd3d_bindless_state_get_bindless_flags: Device supports VK_EXT_mutable_descriptor_type.
4221.834:0134:0138:info:vkd3d-proton:vkd3d_bindless_state_add_binding: Device supports VK_EXT_descriptor_buffer!
4221.834:0134:0138:info:vkd3d-proton:vkd3d_bindless_state_add_binding: Device supports VK_EXT_descriptor_buffer!
4221.834:0134:0138:info:vkd3d-proton:vkd3d_bindless_state_add_binding: Device supports VK_EXT_descriptor_buffer!
4221.835:0134:0138:info:vkd3d-proton:d3d12_device_caps_init_shader_model: Enabling support for SM 6.6.
4221.835:0134:0138:warn:vkd3d-proton:d3d12_device_caps_init_feature_options1: No device info available for TotalLaneCount = 4096.
4221.835:0134:0138:fixme:vkd3d-proton:d3d12_device_caps_init_feature_options1: TotalLaneCount = 4096, may be inaccurate.
4221.835:0134:0138:info:vkd3d-proton:vkd3d_pipeline_library_init_disk_cache: Remapping VKD3D_SHADER_CACHE to: vkd3d-proton.cache.
4221.835:0134:0138:info:vkd3d-proton:vkd3d_pipeline_library_init_disk_cache: Attempting to load disk cache from: vkd3d-proton.cache.
4221.836:0134:0138:warn:vkd3d-proton:d3d12_device_create: Feature level 0xc000 is not supported.
4221.837:0134:0154:info:vkd3d-proton:vkd3d_pipeline_library_disk_thread_main: Performing async setup of stream archive ...
4221.837:0134:0154:info:vkd3d-proton:vkd3d_pipeline_library_disk_cache_merge: No write cache exists. No need to merge any disk caches.
4221.837:0134:0154:info:vkd3d-proton:vkd3d_pipeline_library_disk_cache_initial_setup: Merging pipeline libraries took 0.331 ms.
4221.837:0134:0154:info:vkd3d-proton:vkd3d_pipeline_library_disk_cache_initial_setup: Mapping read-only cache took 0.390 ms.
4221.837:0134:0154:info:vkd3d-proton:d3d12_pipeline_library_read_blob_stream_format: Device teardown request received, stopping parse early.
4221.837:0134:0154:info:vkd3d-proton:vkd3d_pipeline_library_disk_cache_initial_setup: Parsing stream archive took 0.017 ms.
4221.838:0134:0154:info:vkd3d-proton:vkd3d_pipeline_library_disk_thread_main: Done performing async setup of stream archive.
